2026-07-23 10:52:08,763 - {'message': 'Stock BHAAIR subscribed successfully'}
2026-07-23 10:52:08,764 - {'message': 'Stock DIVLAB subscribed successfully'}
2026-07-23 10:52:08,764 - {'message': 'Stock MARUTI subscribed successfully'}
2026-07-23 10:52:08,765 - {'message': 'Stock UNIP subscribed successfully'}
2026-07-23 10:52:08,765 - {'message': 'Stock LARTOU subscribed successfully'}
2026-07-23 10:52:08,765 - {'message': 'Stock ULTCEM subscribed successfully'}
2026-07-23 10:52:08,765 - {'message': 'Stock TCS subscribed successfully'}
2026-07-23 10:52:08,765 - {'message': 'Stock NTPC subscribed successfully'}
2026-07-23 10:52:08,766 - {'message': 'Stock JSWSTE subscribed successfully'}
2026-07-23 10:52:08,767 - {'message': 'Stock GRASIM subscribed successfully'}
2026-07-23 10:52:08,792 - {'message': 'Stock HDFBAN subscribed successfully'}
2026-07-23 10:52:08,793 - {'message': 'Stock HERHON subscribed successfully'}
2026-07-23 10:52:08,794 - {'message': 'Stock TECMAH subscribed successfully'}
2026-07-23 10:52:08,794 - {'message': 'Stock HINLEV subscribed successfully'}
2026-07-23 10:52:08,795 - {'message': 'Stock POWGRI subscribed successfully'}
2026-07-23 10:52:08,795 - {'message': 'Stock ADAPOR subscribed successfully'}
2026-07-23 10:52:08,795 - {'message': 'Stock APOHOS subscribed successfully'}
2026-07-23 10:52:08,796 - {'message': 'Stock INFTEC subscribed successfully'}
2026-07-23 10:52:08,796 - {'message': 'Stock INDOIL subscribed successfully'}
2026-07-23 10:52:08,796 - {'message': 'Stock ITC subscribed successfully'}
2026-07-23 10:52:08,796 - {'message': 'Stock BAAUTO subscribed successfully'}
2026-07-23 10:52:08,796 - {'message': 'Stock LTINFO subscribed successfully'}
2026-07-23 10:52:08,796 - {'message': 'Stock MAHMAH subscribed successfully'}
2026-07-23 10:52:08,797 - {'message': 'Stock COALIN subscribed successfully'}
2026-07-23 10:52:08,797 - {'message': 'Stock SBILIF subscribed successfully'}
2026-07-23 10:52:08,797 - {'message': 'Stock ASIPAI subscribed successfully'}
2026-07-23 10:52:08,797 - {'message': 'Stock ONGC subscribed successfully'}
2026-07-23 10:52:08,797 - {'message': 'Stock ADAENT subscribed successfully'}
2026-07-23 10:52:08,797 - {'message': 'Stock RELIND subscribed successfully'}
2026-07-23 10:52:08,797 - {'message': 'Stock STABAN subscribed successfully'}
2026-07-23 10:52:08,797 - {'message': 'Stock SUNPHA subscribed successfully'}
2026-07-23 10:52:08,798 - {'message': 'Stock TATGLO subscribed successfully'}
2026-07-23 10:52:08,798 - {'message': 'Stock TATMOT subscribed successfully'}
2026-07-23 10:52:08,798 - {'message': 'Stock TATSTE subscribed successfully'}
2026-07-23 10:52:08,798 - {'message': 'Stock TITIND subscribed successfully'}
2026-07-23 10:52:08,798 - {'message': 'Stock WIPRO subscribed successfully'}
2026-07-23 10:52:08,798 - {'message': 'Stock HDFSTA subscribed successfully'}
2026-07-23 10:52:08,798 - {'message': 'Stock ICIBAN subscribed successfully'}
2026-07-23 10:52:08,799 - {'message': 'Stock INDBA subscribed successfully'}
2026-07-23 10:52:08,799 - {'message': 'Stock BHAPET subscribed successfully'}
2026-07-23 10:52:08,799 - {'message': 'Stock BRIIND subscribed successfully'}
2026-07-23 10:52:08,799 - {'message': 'Stock AXIBAN subscribed successfully'}
2026-07-23 10:52:08,799 - {'message': 'Stock CIPLA subscribed successfully'}
2026-07-23 10:52:08,799 - {'message': 'Stock HCLTEC subscribed successfully'}
2026-07-23 10:52:08,800 - {'message': 'Stock EICMOT subscribed successfully'}
2026-07-23 10:52:08,800 - {'message': 'Stock BAFINS subscribed successfully'}
2026-07-23 10:52:08,800 - {'message': 'Stock NESIND subscribed successfully'}
2026-07-23 10:52:08,800 - {'message': 'Stock KOTMAH subscribed successfully'}
2026-07-23 10:52:08,800 - {'message': 'Stock BAJFI subscribed successfully'}
2026-07-23 10:52:08,801 - {'message': 'Stock DRREDD subscribed successfully'}
2026-07-23 10:52:08,801 - {'message': 'Stock NIFTY subscribed successfully'}
2026-07-23 10:52:08,801 - {'message': 'Stock CNXBAN subscribed successfully'}
2026-07-23 10:52:08,801 - {'message': 'Stock NIFFIN subscribed successfully'}
2026-07-23 10:52:08,801 - {'message': 'Stock NIFMID subscribed successfully'}
2026-07-23 10:52:08,801 - {'message': 'Stock BSESEN subscribed successfully'}
2026-07-23 10:52:08,802 - {'message': 'Stock CNXNXT subscribed successfully'}
2026-07-23 14:29:36,682 - [{'message': 'socket server for rate refresh  has been disconnected.'}, {'message': 'socket server is not connected to OHLCV Stream.'}, {'message': 'socket server is not connected to order refresh.'}]
2026-07-23 14:30:01,966 - {'message': 'Stock BHAAIR subscribed successfully'}
2026-07-23 14:30:01,966 - {'message': 'Stock DIVLAB subscribed successfully'}
2026-07-23 14:30:01,966 - {'message': 'Stock MARUTI subscribed successfully'}
2026-07-23 14:30:01,966 - {'message': 'Stock UNIP subscribed successfully'}
2026-07-23 14:30:01,966 - {'message': 'Stock LARTOU subscribed successfully'}
2026-07-23 14:30:01,966 - {'message': 'Stock ULTCEM subscribed successfully'}
2026-07-23 14:30:01,966 - {'message': 'Stock TCS subscribed successfully'}
2026-07-23 14:30:01,966 - {'message': 'Stock NTPC subscribed successfully'}
2026-07-23 14:30:01,966 - {'message': 'Stock JSWSTE subscribed successfully'}
2026-07-23 14:30:01,966 - {'message': 'Stock GRASIM subscribed successfully'}
2026-07-23 14:30:01,967 - {'message': 'Stock HDFBAN subscribed successfully'}
2026-07-23 14:30:01,967 - {'message': 'Stock HERHON subscribed successfully'}
2026-07-23 14:30:01,967 - {'message': 'Stock TECMAH subscribed successfully'}
2026-07-23 14:30:01,967 - {'message': 'Stock HINLEV subscribed successfully'}
2026-07-23 14:30:01,967 - {'message': 'Stock POWGRI subscribed successfully'}
2026-07-23 14:30:01,967 - {'message': 'Stock ADAPOR subscribed successfully'}
2026-07-23 14:30:01,967 - {'message': 'Stock APOHOS subscribed successfully'}
2026-07-23 14:30:01,967 - {'message': 'Stock INFTEC subscribed successfully'}
2026-07-23 14:30:01,967 - {'message': 'Stock INDOIL subscribed successfully'}
2026-07-23 14:30:01,970 - {'message': 'Stock ITC subscribed successfully'}
2026-07-23 14:30:01,971 - {'message': 'Stock BAAUTO subscribed successfully'}
2026-07-23 14:30:01,971 - {'message': 'Stock LTINFO subscribed successfully'}
2026-07-23 14:30:01,971 - {'message': 'Stock MAHMAH subscribed successfully'}
2026-07-23 14:30:01,973 - {'message': 'Stock COALIN subscribed successfully'}
2026-07-23 14:30:01,973 - {'message': 'Stock SBILIF subscribed successfully'}
2026-07-23 14:30:01,973 - {'message': 'Stock ASIPAI subscribed successfully'}
2026-07-23 14:30:01,973 - {'message': 'Stock ONGC subscribed successfully'}
2026-07-23 14:30:01,973 - {'message': 'Stock ADAENT subscribed successfully'}
2026-07-23 14:30:01,973 - {'message': 'Stock RELIND subscribed successfully'}
2026-07-23 14:30:01,973 - {'message': 'Stock STABAN subscribed successfully'}
2026-07-23 14:30:01,973 - {'message': 'Stock SUNPHA subscribed successfully'}
2026-07-23 14:30:01,973 - {'message': 'Stock TATGLO subscribed successfully'}
2026-07-23 14:30:01,973 - {'message': 'Stock TATMOT subscribed successfully'}
2026-07-23 14:30:01,976 - {'message': 'Stock TATSTE subscribed successfully'}
2026-07-23 14:30:01,977 - {'message': 'Stock TITIND subscribed successfully'}
2026-07-23 14:30:01,978 - {'message': 'Stock WIPRO subscribed successfully'}
2026-07-23 14:30:01,978 - {'message': 'Stock HDFSTA subscribed successfully'}
2026-07-23 14:30:01,978 - {'message': 'Stock ICIBAN subscribed successfully'}
2026-07-23 14:30:01,978 - {'message': 'Stock INDBA subscribed successfully'}
2026-07-23 14:30:01,979 - {'message': 'Stock BHAPET subscribed successfully'}
2026-07-23 14:30:01,979 - {'message': 'Stock BRIIND subscribed successfully'}
2026-07-23 14:30:01,979 - {'message': 'Stock AXIBAN subscribed successfully'}
2026-07-23 14:30:01,979 - {'message': 'Stock CIPLA subscribed successfully'}
2026-07-23 14:30:01,979 - {'message': 'Stock HCLTEC subscribed successfully'}
2026-07-23 14:30:01,979 - {'message': 'Stock EICMOT subscribed successfully'}
2026-07-23 14:30:01,979 - {'message': 'Stock BAFINS subscribed successfully'}
2026-07-23 14:30:01,979 - {'message': 'Stock NESIND subscribed successfully'}
2026-07-23 14:30:01,980 - {'message': 'Stock KOTMAH subscribed successfully'}
2026-07-23 14:30:01,980 - {'message': 'Stock BAJFI subscribed successfully'}
2026-07-23 14:30:01,980 - {'message': 'Stock DRREDD subscribed successfully'}
2026-07-23 14:30:01,980 - {'message': 'Stock NIFTY subscribed successfully'}
2026-07-23 14:30:01,980 - {'message': 'Stock CNXBAN subscribed successfully'}
2026-07-23 14:30:01,980 - {'message': 'Stock NIFFIN subscribed successfully'}
2026-07-23 14:30:01,980 - {'message': 'Stock NIFMID subscribed successfully'}
2026-07-23 14:30:01,980 - {'message': 'Stock BSESEN subscribed successfully'}
2026-07-23 14:30:01,980 - {'message': 'Stock CNXNXT subscribed successfully'}
2026-07-23 14:30:16,044 - {'message': 'Stock BHAAIR subscribed successfully'}
2026-07-23 14:30:16,044 - {'message': 'Stock DIVLAB subscribed successfully'}
2026-07-23 14:30:16,044 - {'message': 'Stock MARUTI subscribed successfully'}
2026-07-23 14:30:16,044 - {'message': 'Stock UNIP subscribed successfully'}
2026-07-23 14:30:16,044 - {'message': 'Stock LARTOU subscribed successfully'}
2026-07-23 14:30:16,045 - {'message': 'Stock ULTCEM subscribed successfully'}
2026-07-23 14:30:16,045 - {'message': 'Stock TCS subscribed successfully'}
2026-07-23 14:30:16,045 - {'message': 'Stock NTPC subscribed successfully'}
2026-07-23 14:30:16,045 - {'message': 'Stock JSWSTE subscribed successfully'}
2026-07-23 14:30:16,045 - {'message': 'Stock GRASIM subscribed successfully'}
2026-07-23 14:30:16,045 - {'message': 'Stock HDFBAN subscribed successfully'}
2026-07-23 14:30:16,046 - {'message': 'Stock HERHON subscribed successfully'}
2026-07-23 14:30:16,046 - {'message': 'Stock TECMAH subscribed successfully'}
2026-07-23 14:30:16,046 - {'message': 'Stock HINLEV subscribed successfully'}
2026-07-23 14:30:16,046 - {'message': 'Stock POWGRI subscribed successfully'}
2026-07-23 14:30:16,047 - {'message': 'Stock ADAPOR subscribed successfully'}
2026-07-23 14:30:16,047 - {'message': 'Stock APOHOS subscribed successfully'}
2026-07-23 14:30:16,047 - {'message': 'Stock INFTEC subscribed successfully'}
2026-07-23 14:30:16,047 - {'message': 'Stock INDOIL subscribed successfully'}
2026-07-23 14:30:16,047 - {'message': 'Stock ITC subscribed successfully'}
2026-07-23 14:30:16,047 - {'message': 'Stock BAAUTO subscribed successfully'}
2026-07-23 14:30:16,047 - {'message': 'Stock LTINFO subscribed successfully'}
2026-07-23 14:30:16,047 - {'message': 'Stock MAHMAH subscribed successfully'}
2026-07-23 14:30:16,048 - {'message': 'Stock COALIN subscribed successfully'}
2026-07-23 14:30:16,049 - {'message': 'Stock SBILIF subscribed successfully'}
2026-07-23 14:30:16,050 - {'message': 'Stock ASIPAI subscribed successfully'}
2026-07-23 14:30:16,050 - {'message': 'Stock ONGC subscribed successfully'}
2026-07-23 14:30:16,050 - {'message': 'Stock ADAENT subscribed successfully'}
2026-07-23 14:30:16,050 - {'message': 'Stock RELIND subscribed successfully'}
2026-07-23 14:30:16,050 - {'message': 'Stock STABAN subscribed successfully'}
2026-07-23 14:30:16,051 - {'message': 'Stock SUNPHA subscribed successfully'}
2026-07-23 14:30:16,051 - {'message': 'Stock TATGLO subscribed successfully'}
2026-07-23 14:30:16,051 - {'message': 'Stock TATMOT subscribed successfully'}
2026-07-23 14:30:16,051 - {'message': 'Stock TATSTE subscribed successfully'}
2026-07-23 14:30:16,051 - {'message': 'Stock TITIND subscribed successfully'}
2026-07-23 14:30:16,051 - {'message': 'Stock WIPRO subscribed successfully'}
2026-07-23 14:30:16,051 - {'message': 'Stock HDFSTA subscribed successfully'}
2026-07-23 14:30:16,052 - {'message': 'Stock ICIBAN subscribed successfully'}
2026-07-23 14:30:16,052 - {'message': 'Stock INDBA subscribed successfully'}
2026-07-23 14:30:16,052 - {'message': 'Stock BHAPET subscribed successfully'}
2026-07-23 14:30:16,053 - {'message': 'Stock BRIIND subscribed successfully'}
2026-07-23 14:30:16,053 - {'message': 'Stock AXIBAN subscribed successfully'}
2026-07-23 14:30:16,054 - {'message': 'Stock CIPLA subscribed successfully'}
2026-07-23 14:30:16,054 - {'message': 'Stock HCLTEC subscribed successfully'}
2026-07-23 14:30:16,054 - {'message': 'Stock EICMOT subscribed successfully'}
2026-07-23 14:30:16,054 - {'message': 'Stock BAFINS subscribed successfully'}
2026-07-23 14:30:16,054 - {'message': 'Stock NESIND subscribed successfully'}
2026-07-23 14:30:16,055 - {'message': 'Stock KOTMAH subscribed successfully'}
2026-07-23 14:30:16,055 - {'message': 'Stock BAJFI subscribed successfully'}
2026-07-23 14:30:16,055 - {'message': 'Stock DRREDD subscribed successfully'}
2026-07-23 14:30:16,055 - {'message': 'Stock NIFTY subscribed successfully'}
2026-07-23 14:30:16,055 - {'message': 'Stock CNXBAN subscribed successfully'}
2026-07-23 14:30:16,056 - {'message': 'Stock NIFFIN subscribed successfully'}
2026-07-23 14:30:16,056 - {'message': 'Stock NIFMID subscribed successfully'}
2026-07-23 14:30:16,056 - {'message': 'Stock BSESEN subscribed successfully'}
2026-07-23 14:30:16,056 - {'message': 'Stock CNXNXT subscribed successfully'}
2026-07-23 14:30:50,144 - [{'message': 'socket server for rate refresh  has been disconnected.'}, {'message': 'socket server is not connected to OHLCV Stream.'}, {'message': 'socket server is not connected to order refresh.'}]
2026-07-23 14:31:56,966 - {'message': 'Stock BHAAIR subscribed successfully'}
2026-07-23 14:31:56,968 - {'message': 'Stock DIVLAB subscribed successfully'}
2026-07-23 14:31:56,969 - {'message': 'Stock MARUTI subscribed successfully'}
2026-07-23 14:31:56,970 - {'message': 'Stock UNIP subscribed successfully'}
2026-07-23 14:31:56,971 - {'message': 'Stock LARTOU subscribed successfully'}
2026-07-23 14:31:56,971 - {'message': 'Stock ULTCEM subscribed successfully'}
2026-07-23 14:31:56,971 - {'message': 'Stock TCS subscribed successfully'}
2026-07-23 14:31:56,971 - {'message': 'Stock NTPC subscribed successfully'}
2026-07-23 14:31:56,971 - {'message': 'Stock JSWSTE subscribed successfully'}
2026-07-23 14:31:56,971 - {'message': 'Stock GRASIM subscribed successfully'}
2026-07-23 14:31:56,971 - {'message': 'Stock HDFBAN subscribed successfully'}
2026-07-23 14:31:56,971 - {'message': 'Stock HERHON subscribed successfully'}
2026-07-23 14:31:56,971 - {'message': 'Stock TECMAH subscribed successfully'}
2026-07-23 14:31:56,971 - {'message': 'Stock HINLEV subscribed successfully'}
2026-07-23 14:31:56,972 - {'message': 'Stock POWGRI subscribed successfully'}
2026-07-23 14:31:56,972 - {'message': 'Stock ADAPOR subscribed successfully'}
2026-07-23 14:31:56,972 - {'message': 'Stock APOHOS subscribed successfully'}
2026-07-23 14:31:56,972 - {'message': 'Stock INFTEC subscribed successfully'}
2026-07-23 14:31:56,972 - {'message': 'Stock INDOIL subscribed successfully'}
2026-07-23 14:31:56,972 - {'message': 'Stock ITC subscribed successfully'}
2026-07-23 14:31:56,972 - {'message': 'Stock BAAUTO subscribed successfully'}
2026-07-23 14:31:56,972 - {'message': 'Stock LTINFO subscribed successfully'}
2026-07-23 14:31:56,972 - {'message': 'Stock MAHMAH subscribed successfully'}
2026-07-23 14:31:56,972 - {'message': 'Stock COALIN subscribed successfully'}
2026-07-23 14:31:56,972 - {'message': 'Stock SBILIF subscribed successfully'}
2026-07-23 14:31:56,972 - {'message': 'Stock ASIPAI subscribed successfully'}
2026-07-23 14:31:56,972 - {'message': 'Stock ONGC subscribed successfully'}
2026-07-23 14:31:56,973 - {'message': 'Stock ADAENT subscribed successfully'}
2026-07-23 14:31:56,974 - {'message': 'Stock RELIND subscribed successfully'}
2026-07-23 14:31:56,974 - {'message': 'Stock STABAN subscribed successfully'}
2026-07-23 14:31:56,974 - {'message': 'Stock SUNPHA subscribed successfully'}
2026-07-23 14:31:56,974 - {'message': 'Stock TATGLO subscribed successfully'}
2026-07-23 14:31:56,975 - {'message': 'Stock TATMOT subscribed successfully'}
2026-07-23 14:31:56,975 - {'message': 'Stock TATSTE subscribed successfully'}
2026-07-23 14:31:56,975 - {'message': 'Stock TITIND subscribed successfully'}
2026-07-23 14:31:56,975 - {'message': 'Stock WIPRO subscribed successfully'}
2026-07-23 14:31:56,975 - {'message': 'Stock HDFSTA subscribed successfully'}
2026-07-23 14:31:56,975 - {'message': 'Stock ICIBAN subscribed successfully'}
2026-07-23 14:31:56,975 - {'message': 'Stock INDBA subscribed successfully'}
2026-07-23 14:31:56,976 - {'message': 'Stock BHAPET subscribed successfully'}
2026-07-23 14:31:56,976 - {'message': 'Stock BRIIND subscribed successfully'}
2026-07-23 14:31:56,976 - {'message': 'Stock AXIBAN subscribed successfully'}
2026-07-23 14:31:56,976 - {'message': 'Stock CIPLA subscribed successfully'}
2026-07-23 14:31:56,976 - {'message': 'Stock HCLTEC subscribed successfully'}
2026-07-23 14:31:56,976 - {'message': 'Stock EICMOT subscribed successfully'}
2026-07-23 14:31:56,976 - {'message': 'Stock BAFINS subscribed successfully'}
2026-07-23 14:31:56,976 - {'message': 'Stock NESIND subscribed successfully'}
2026-07-23 14:31:56,976 - {'message': 'Stock KOTMAH subscribed successfully'}
2026-07-23 14:31:56,976 - {'message': 'Stock BAJFI subscribed successfully'}
2026-07-23 14:31:56,976 - {'message': 'Stock DRREDD subscribed successfully'}
2026-07-23 14:31:56,977 - {'message': 'Stock NIFTY subscribed successfully'}
2026-07-23 14:31:56,977 - {'message': 'Stock CNXBAN subscribed successfully'}
2026-07-23 14:31:56,977 - {'message': 'Stock NIFFIN subscribed successfully'}
2026-07-23 14:31:56,977 - {'message': 'Stock NIFMID subscribed successfully'}
2026-07-23 14:31:56,977 - {'message': 'Stock BSESEN subscribed successfully'}
2026-07-23 14:31:56,977 - {'message': 'Stock CNXNXT subscribed successfully'}
2026-07-23 14:32:23,619 - {'message': 'Stock BHAAIR subscribed successfully'}
2026-07-23 14:32:23,620 - {'message': 'Stock DIVLAB subscribed successfully'}
2026-07-23 14:32:23,620 - {'message': 'Stock MARUTI subscribed successfully'}
2026-07-23 14:32:23,620 - {'message': 'Stock UNIP subscribed successfully'}
2026-07-23 14:32:23,621 - {'message': 'Stock LARTOU subscribed successfully'}
2026-07-23 14:32:23,621 - {'message': 'Stock ULTCEM subscribed successfully'}
2026-07-23 14:32:23,621 - {'message': 'Stock TCS subscribed successfully'}
2026-07-23 14:32:23,621 - {'message': 'Stock NTPC subscribed successfully'}
2026-07-23 14:32:23,621 - {'message': 'Stock JSWSTE subscribed successfully'}
2026-07-23 14:32:23,621 - {'message': 'Stock GRASIM subscribed successfully'}
2026-07-23 14:32:23,621 - {'message': 'Stock HDFBAN subscribed successfully'}
2026-07-23 14:32:23,622 - {'message': 'Stock HERHON subscribed successfully'}
2026-07-23 14:32:23,622 - {'message': 'Stock TECMAH subscribed successfully'}
2026-07-23 14:32:23,623 - {'message': 'Stock HINLEV subscribed successfully'}
2026-07-23 14:32:23,623 - {'message': 'Stock POWGRI subscribed successfully'}
2026-07-23 14:32:23,623 - {'message': 'Stock ADAPOR subscribed successfully'}
2026-07-23 14:32:23,623 - {'message': 'Stock APOHOS subscribed successfully'}
2026-07-23 14:32:23,623 - {'message': 'Stock INFTEC subscribed successfully'}
2026-07-23 14:32:23,623 - {'message': 'Stock INDOIL subscribed successfully'}
2026-07-23 14:32:23,624 - {'message': 'Stock ITC subscribed successfully'}
2026-07-23 14:32:23,624 - {'message': 'Stock BAAUTO subscribed successfully'}
2026-07-23 14:32:23,624 - {'message': 'Stock LTINFO subscribed successfully'}
2026-07-23 14:32:23,624 - {'message': 'Stock MAHMAH subscribed successfully'}
2026-07-23 14:32:23,624 - {'message': 'Stock COALIN subscribed successfully'}
2026-07-23 14:32:23,624 - {'message': 'Stock SBILIF subscribed successfully'}
2026-07-23 14:32:23,624 - {'message': 'Stock ASIPAI subscribed successfully'}
2026-07-23 14:32:23,625 - {'message': 'Stock ONGC subscribed successfully'}
2026-07-23 14:32:23,625 - {'message': 'Stock ADAENT subscribed successfully'}
2026-07-23 14:32:23,625 - {'message': 'Stock RELIND subscribed successfully'}
2026-07-23 14:32:23,625 - {'message': 'Stock STABAN subscribed successfully'}
2026-07-23 14:32:23,626 - {'message': 'Stock SUNPHA subscribed successfully'}
2026-07-23 14:32:23,626 - {'message': 'Stock TATGLO subscribed successfully'}
2026-07-23 14:32:23,627 - {'message': 'Stock TATMOT subscribed successfully'}
2026-07-23 14:32:23,627 - {'message': 'Stock TATSTE subscribed successfully'}
2026-07-23 14:32:23,628 - {'message': 'Stock TITIND subscribed successfully'}
2026-07-23 14:32:23,628 - {'message': 'Stock WIPRO subscribed successfully'}
2026-07-23 14:32:23,628 - {'message': 'Stock HDFSTA subscribed successfully'}
2026-07-23 14:32:23,628 - {'message': 'Stock ICIBAN subscribed successfully'}
2026-07-23 14:32:23,629 - {'message': 'Stock INDBA subscribed successfully'}
2026-07-23 14:32:23,629 - {'message': 'Stock BHAPET subscribed successfully'}
2026-07-23 14:32:23,630 - {'message': 'Stock BRIIND subscribed successfully'}
2026-07-23 14:32:23,630 - {'message': 'Stock AXIBAN subscribed successfully'}
2026-07-23 14:32:23,630 - {'message': 'Stock CIPLA subscribed successfully'}
2026-07-23 14:32:23,630 - {'message': 'Stock HCLTEC subscribed successfully'}
2026-07-23 14:32:23,630 - {'message': 'Stock EICMOT subscribed successfully'}
2026-07-23 14:32:23,631 - {'message': 'Stock BAFINS subscribed successfully'}
2026-07-23 14:32:23,631 - {'message': 'Stock NESIND subscribed successfully'}
2026-07-23 14:32:23,631 - {'message': 'Stock KOTMAH subscribed successfully'}
2026-07-23 14:32:23,631 - {'message': 'Stock BAJFI subscribed successfully'}
2026-07-23 14:32:23,631 - {'message': 'Stock DRREDD subscribed successfully'}
2026-07-23 14:32:23,632 - {'message': 'Stock NIFTY subscribed successfully'}
2026-07-23 14:32:23,632 - {'message': 'Stock CNXBAN subscribed successfully'}
2026-07-23 14:32:23,632 - {'message': 'Stock NIFFIN subscribed successfully'}
2026-07-23 14:32:23,632 - {'message': 'Stock NIFMID subscribed successfully'}
2026-07-23 14:32:23,633 - {'message': 'Stock BSESEN subscribed successfully'}
2026-07-23 14:32:23,633 - {'message': 'Stock CNXNXT subscribed successfully'}
2026-07-23 14:35:30,132 - [{'message': 'socket server for rate refresh  has been disconnected.'}, {'message': 'socket server is not connected to OHLCV Stream.'}, {'message': 'socket server is not connected to order refresh.'}]
2026-07-24 12:27:34,668 - {'message': 'Stock BHAAIR subscribed successfully'}
2026-07-24 12:27:34,670 - {'message': 'Stock DIVLAB subscribed successfully'}
2026-07-24 12:27:34,670 - {'message': 'Stock MARUTI subscribed successfully'}
2026-07-24 12:27:34,671 - {'message': 'Stock UNIP subscribed successfully'}
2026-07-24 12:27:34,671 - {'message': 'Stock LARTOU subscribed successfully'}
2026-07-24 12:27:34,671 - {'message': 'Stock ULTCEM subscribed successfully'}
2026-07-24 12:27:34,672 - {'message': 'Stock TCS subscribed successfully'}
2026-07-24 12:27:34,672 - {'message': 'Stock NTPC subscribed successfully'}
2026-07-24 12:27:34,672 - {'message': 'Stock JSWSTE subscribed successfully'}
2026-07-24 12:27:34,672 - {'message': 'Stock GRASIM subscribed successfully'}
2026-07-24 12:27:34,672 - {'message': 'Stock HDFBAN subscribed successfully'}
2026-07-24 12:27:34,673 - {'message': 'Stock HERHON subscribed successfully'}
2026-07-24 12:27:34,673 - {'message': 'Stock TECMAH subscribed successfully'}
2026-07-24 12:27:34,673 - {'message': 'Stock HINLEV subscribed successfully'}
2026-07-24 12:27:34,673 - {'message': 'Stock POWGRI subscribed successfully'}
2026-07-24 12:27:34,673 - {'message': 'Stock ADAPOR subscribed successfully'}
2026-07-24 12:27:34,674 - {'message': 'Stock APOHOS subscribed successfully'}
2026-07-24 12:27:34,674 - {'message': 'Stock INFTEC subscribed successfully'}
2026-07-24 12:27:34,674 - {'message': 'Stock INDOIL subscribed successfully'}
2026-07-24 12:27:34,674 - {'message': 'Stock ITC subscribed successfully'}
2026-07-24 12:27:34,674 - {'message': 'Stock BAAUTO subscribed successfully'}
2026-07-24 12:27:34,675 - {'message': 'Stock LTINFO subscribed successfully'}
2026-07-24 12:27:34,675 - {'message': 'Stock MAHMAH subscribed successfully'}
2026-07-24 12:27:34,675 - {'message': 'Stock COALIN subscribed successfully'}
2026-07-24 12:27:34,676 - {'message': 'Stock SBILIF subscribed successfully'}
2026-07-24 12:27:34,676 - {'message': 'Stock ASIPAI subscribed successfully'}
2026-07-24 12:27:34,676 - {'message': 'Stock ONGC subscribed successfully'}
2026-07-24 12:27:34,677 - {'message': 'Stock ADAENT subscribed successfully'}
2026-07-24 12:27:34,677 - {'message': 'Stock RELIND subscribed successfully'}
2026-07-24 12:27:34,677 - {'message': 'Stock STABAN subscribed successfully'}
2026-07-24 12:27:34,677 - {'message': 'Stock SUNPHA subscribed successfully'}
2026-07-24 12:27:34,677 - {'message': 'Stock TATGLO subscribed successfully'}
2026-07-24 12:27:34,678 - {'message': 'Stock TATMOT subscribed successfully'}
2026-07-24 12:27:34,678 - {'message': 'Stock TATSTE subscribed successfully'}
2026-07-24 12:27:34,678 - {'message': 'Stock TITIND subscribed successfully'}
2026-07-24 12:27:34,678 - {'message': 'Stock WIPRO subscribed successfully'}
2026-07-24 12:27:34,678 - {'message': 'Stock HDFSTA subscribed successfully'}
2026-07-24 12:27:34,679 - {'message': 'Stock ICIBAN subscribed successfully'}
2026-07-24 12:27:34,680 - {'message': 'Stock INDBA subscribed successfully'}
2026-07-24 12:27:34,681 - {'message': 'Stock BHAPET subscribed successfully'}
2026-07-24 12:27:34,681 - {'message': 'Stock BRIIND subscribed successfully'}
2026-07-24 12:27:34,681 - {'message': 'Stock AXIBAN subscribed successfully'}
2026-07-24 12:27:34,681 - {'message': 'Stock CIPLA subscribed successfully'}
2026-07-24 12:27:34,681 - {'message': 'Stock HCLTEC subscribed successfully'}
2026-07-24 12:27:34,682 - {'message': 'Stock EICMOT subscribed successfully'}
2026-07-24 12:27:34,682 - {'message': 'Stock BAFINS subscribed successfully'}
2026-07-24 12:27:34,682 - {'message': 'Stock NESIND subscribed successfully'}
2026-07-24 12:27:34,682 - {'message': 'Stock KOTMAH subscribed successfully'}
2026-07-24 12:27:34,682 - {'message': 'Stock BAJFI subscribed successfully'}
2026-07-24 12:27:34,683 - {'message': 'Stock DRREDD subscribed successfully'}
2026-07-24 12:27:34,683 - {'message': 'Stock NIFTY subscribed successfully'}
2026-07-24 12:27:34,683 - {'message': 'Stock CNXBAN subscribed successfully'}
2026-07-24 12:27:34,684 - {'message': 'Stock NIFFIN subscribed successfully'}
2026-07-24 12:27:34,684 - {'message': 'Stock NIFMID subscribed successfully'}
2026-07-24 12:27:34,684 - {'message': 'Stock BSESEN subscribed successfully'}
2026-07-24 12:27:34,684 - {'message': 'Stock CNXNXT subscribed successfully'}
2026-07-24 14:31:52,771 - [{'message': 'socket server for rate refresh  has been disconnected.'}, {'message': 'socket server is not connected to OHLCV Stream.'}, {'message': 'socket server is not connected to order refresh.'}]
2026-07-24 14:31:59,497 - {'message': 'Stock BHAAIR subscribed successfully'}
2026-07-24 14:31:59,497 - {'message': 'Stock DIVLAB subscribed successfully'}
2026-07-24 14:31:59,498 - {'message': 'Stock MARUTI subscribed successfully'}
2026-07-24 14:31:59,498 - {'message': 'Stock UNIP subscribed successfully'}
2026-07-24 14:31:59,499 - {'message': 'Stock LARTOU subscribed successfully'}
2026-07-24 14:31:59,499 - {'message': 'Stock ULTCEM subscribed successfully'}
2026-07-24 14:31:59,500 - {'message': 'Stock TCS subscribed successfully'}
2026-07-24 14:31:59,500 - {'message': 'Stock NTPC subscribed successfully'}
2026-07-24 14:31:59,501 - {'message': 'Stock JSWSTE subscribed successfully'}
2026-07-24 14:31:59,501 - {'message': 'Stock GRASIM subscribed successfully'}
2026-07-24 14:31:59,501 - {'message': 'Stock HDFBAN subscribed successfully'}
2026-07-24 14:31:59,502 - {'message': 'Stock HERHON subscribed successfully'}
2026-07-24 14:31:59,502 - {'message': 'Stock TECMAH subscribed successfully'}
2026-07-24 14:31:59,502 - {'message': 'Stock HINLEV subscribed successfully'}
2026-07-24 14:31:59,502 - {'message': 'Stock POWGRI subscribed successfully'}
2026-07-24 14:31:59,503 - {'message': 'Stock ADAPOR subscribed successfully'}
2026-07-24 14:31:59,503 - {'message': 'Stock APOHOS subscribed successfully'}
2026-07-24 14:31:59,503 - {'message': 'Stock INFTEC subscribed successfully'}
2026-07-24 14:31:59,504 - {'message': 'Stock INDOIL subscribed successfully'}
2026-07-24 14:31:59,504 - {'message': 'Stock ITC subscribed successfully'}
2026-07-24 14:31:59,504 - {'message': 'Stock BAAUTO subscribed successfully'}
2026-07-24 14:31:59,505 - {'message': 'Stock LTINFO subscribed successfully'}
2026-07-24 14:31:59,505 - {'message': 'Stock MAHMAH subscribed successfully'}
2026-07-24 14:31:59,506 - {'message': 'Stock COALIN subscribed successfully'}
2026-07-24 14:31:59,506 - {'message': 'Stock SBILIF subscribed successfully'}
2026-07-24 14:31:59,506 - {'message': 'Stock ASIPAI subscribed successfully'}
2026-07-24 14:31:59,506 - {'message': 'Stock ONGC subscribed successfully'}
2026-07-24 14:31:59,506 - {'message': 'Stock ADAENT subscribed successfully'}
2026-07-24 14:31:59,507 - {'message': 'Stock RELIND subscribed successfully'}
2026-07-24 14:31:59,507 - {'message': 'Stock STABAN subscribed successfully'}
2026-07-24 14:31:59,507 - {'message': 'Stock SUNPHA subscribed successfully'}
2026-07-24 14:31:59,507 - {'message': 'Stock TATGLO subscribed successfully'}
2026-07-24 14:31:59,507 - {'message': 'Stock TATMOT subscribed successfully'}
2026-07-24 14:31:59,508 - {'message': 'Stock TATSTE subscribed successfully'}
2026-07-24 14:31:59,508 - {'message': 'Stock TITIND subscribed successfully'}
2026-07-24 14:31:59,509 - {'message': 'Stock WIPRO subscribed successfully'}
2026-07-24 14:31:59,509 - {'message': 'Stock HDFSTA subscribed successfully'}
2026-07-24 14:31:59,509 - {'message': 'Stock ICIBAN subscribed successfully'}
2026-07-24 14:31:59,510 - {'message': 'Stock INDBA subscribed successfully'}
2026-07-24 14:31:59,510 - {'message': 'Stock BHAPET subscribed successfully'}
2026-07-24 14:31:59,510 - {'message': 'Stock BRIIND subscribed successfully'}
2026-07-24 14:31:59,510 - {'message': 'Stock AXIBAN subscribed successfully'}
2026-07-24 14:31:59,511 - {'message': 'Stock CIPLA subscribed successfully'}
2026-07-24 14:31:59,511 - {'message': 'Stock HCLTEC subscribed successfully'}
2026-07-24 14:31:59,511 - {'message': 'Stock EICMOT subscribed successfully'}
2026-07-24 14:31:59,511 - {'message': 'Stock BAFINS subscribed successfully'}
2026-07-24 14:31:59,512 - {'message': 'Stock NESIND subscribed successfully'}
2026-07-24 14:31:59,512 - {'message': 'Stock KOTMAH subscribed successfully'}
2026-07-24 14:31:59,512 - {'message': 'Stock BAJFI subscribed successfully'}
2026-07-24 14:31:59,512 - {'message': 'Stock DRREDD subscribed successfully'}
2026-07-24 14:31:59,512 - {'message': 'Stock NIFTY subscribed successfully'}
2026-07-24 14:31:59,512 - {'message': 'Stock CNXBAN subscribed successfully'}
2026-07-24 14:31:59,513 - {'message': 'Stock NIFFIN subscribed successfully'}
2026-07-24 14:31:59,513 - {'message': 'Stock NIFMID subscribed successfully'}
2026-07-24 14:31:59,513 - {'message': 'Stock BSESEN subscribed successfully'}
2026-07-24 14:31:59,513 - {'message': 'Stock CNXNXT subscribed successfully'}
2026-07-24 14:32:47,827 - {'message': 'Stock BHAAIR subscribed successfully'}
2026-07-24 14:32:47,828 - {'message': 'Stock DIVLAB subscribed successfully'}
2026-07-24 14:32:47,828 - {'message': 'Stock MARUTI subscribed successfully'}
2026-07-24 14:32:47,828 - {'message': 'Stock UNIP subscribed successfully'}
2026-07-24 14:32:47,828 - {'message': 'Stock LARTOU subscribed successfully'}
2026-07-24 14:32:47,829 - {'message': 'Stock ULTCEM subscribed successfully'}
2026-07-24 14:32:47,830 - {'message': 'Stock TCS subscribed successfully'}
2026-07-24 14:32:47,831 - {'message': 'Stock NTPC subscribed successfully'}
2026-07-24 14:32:47,831 - {'message': 'Stock JSWSTE subscribed successfully'}
2026-07-24 14:32:47,832 - {'message': 'Stock GRASIM subscribed successfully'}
2026-07-24 14:32:47,833 - {'message': 'Stock HDFBAN subscribed successfully'}
2026-07-24 14:32:47,833 - {'message': 'Stock HERHON subscribed successfully'}
2026-07-24 14:32:47,834 - {'message': 'Stock TECMAH subscribed successfully'}
2026-07-24 14:32:47,834 - {'message': 'Stock HINLEV subscribed successfully'}
2026-07-24 14:32:47,835 - {'message': 'Stock POWGRI subscribed successfully'}
2026-07-24 14:32:47,835 - {'message': 'Stock ADAPOR subscribed successfully'}
2026-07-24 14:32:47,836 - {'message': 'Stock APOHOS subscribed successfully'}
2026-07-24 14:32:47,836 - {'message': 'Stock INFTEC subscribed successfully'}
2026-07-24 14:32:47,836 - {'message': 'Stock INDOIL subscribed successfully'}
2026-07-24 14:32:47,836 - {'message': 'Stock ITC subscribed successfully'}
2026-07-24 14:32:47,837 - {'message': 'Stock BAAUTO subscribed successfully'}
2026-07-24 14:32:47,837 - {'message': 'Stock LTINFO subscribed successfully'}
2026-07-24 14:32:47,837 - {'message': 'Stock MAHMAH subscribed successfully'}
2026-07-24 14:32:47,837 - {'message': 'Stock COALIN subscribed successfully'}
2026-07-24 14:32:47,837 - {'message': 'Stock SBILIF subscribed successfully'}
2026-07-24 14:32:47,838 - {'message': 'Stock ASIPAI subscribed successfully'}
2026-07-24 14:32:47,838 - {'message': 'Stock ONGC subscribed successfully'}
2026-07-24 14:32:47,838 - {'message': 'Stock ADAENT subscribed successfully'}
2026-07-24 14:32:47,839 - {'message': 'Stock RELIND subscribed successfully'}
2026-07-24 14:32:47,839 - {'message': 'Stock STABAN subscribed successfully'}
2026-07-24 14:32:47,839 - {'message': 'Stock SUNPHA subscribed successfully'}
2026-07-24 14:32:47,839 - {'message': 'Stock TATGLO subscribed successfully'}
2026-07-24 14:32:47,839 - {'message': 'Stock TATMOT subscribed successfully'}
2026-07-24 14:32:47,840 - {'message': 'Stock TATSTE subscribed successfully'}
2026-07-24 14:32:47,840 - {'message': 'Stock TITIND subscribed successfully'}
2026-07-24 14:32:47,840 - {'message': 'Stock WIPRO subscribed successfully'}
2026-07-24 14:32:47,841 - {'message': 'Stock HDFSTA subscribed successfully'}
2026-07-24 14:32:47,841 - {'message': 'Stock ICIBAN subscribed successfully'}
2026-07-24 14:32:47,841 - {'message': 'Stock INDBA subscribed successfully'}
2026-07-24 14:32:47,841 - {'message': 'Stock BHAPET subscribed successfully'}
2026-07-24 14:32:47,842 - {'message': 'Stock BRIIND subscribed successfully'}
2026-07-24 14:32:47,842 - {'message': 'Stock AXIBAN subscribed successfully'}
2026-07-24 14:32:47,842 - {'message': 'Stock CIPLA subscribed successfully'}
2026-07-24 14:32:47,842 - {'message': 'Stock HCLTEC subscribed successfully'}
2026-07-24 14:32:47,842 - {'message': 'Stock EICMOT subscribed successfully'}
2026-07-24 14:32:47,843 - {'message': 'Stock BAFINS subscribed successfully'}
2026-07-24 14:32:47,843 - {'message': 'Stock NESIND subscribed successfully'}
2026-07-24 14:32:47,843 - {'message': 'Stock KOTMAH subscribed successfully'}
2026-07-24 14:32:47,843 - {'message': 'Stock BAJFI subscribed successfully'}
2026-07-24 14:32:47,844 - {'message': 'Stock DRREDD subscribed successfully'}
2026-07-24 14:32:47,844 - {'message': 'Stock NIFTY subscribed successfully'}
2026-07-24 14:32:47,844 - {'message': 'Stock CNXBAN subscribed successfully'}
2026-07-24 14:32:47,844 - {'message': 'Stock NIFFIN subscribed successfully'}
2026-07-24 14:32:47,844 - {'message': 'Stock NIFMID subscribed successfully'}
2026-07-24 14:32:47,845 - {'message': 'Stock BSESEN subscribed successfully'}
2026-07-24 14:32:47,845 - {'message': 'Stock CNXNXT subscribed successfully'}
2026-07-24 14:33:11,831 - {'message': 'Stock BHAAIR subscribed successfully'}
2026-07-24 14:33:11,831 - {'message': 'Stock DIVLAB subscribed successfully'}
2026-07-24 14:33:11,831 - {'message': 'Stock MARUTI subscribed successfully'}
2026-07-24 14:33:11,832 - {'message': 'Stock UNIP subscribed successfully'}
2026-07-24 14:33:11,832 - {'message': 'Stock LARTOU subscribed successfully'}
2026-07-24 14:33:11,832 - {'message': 'Stock ULTCEM subscribed successfully'}
2026-07-24 14:33:11,833 - {'message': 'Stock TCS subscribed successfully'}
2026-07-24 14:33:11,834 - {'message': 'Stock NTPC subscribed successfully'}
2026-07-24 14:33:11,834 - {'message': 'Stock JSWSTE subscribed successfully'}
2026-07-24 14:33:11,834 - {'message': 'Stock GRASIM subscribed successfully'}
2026-07-24 14:33:11,834 - {'message': 'Stock HDFBAN subscribed successfully'}
2026-07-24 14:33:11,834 - {'message': 'Stock HERHON subscribed successfully'}
2026-07-24 14:33:11,835 - {'message': 'Stock TECMAH subscribed successfully'}
2026-07-24 14:33:11,835 - {'message': 'Stock HINLEV subscribed successfully'}
2026-07-24 14:33:11,835 - {'message': 'Stock POWGRI subscribed successfully'}
2026-07-24 14:33:11,835 - {'message': 'Stock ADAPOR subscribed successfully'}
2026-07-24 14:33:11,836 - {'message': 'Stock APOHOS subscribed successfully'}
2026-07-24 14:33:11,837 - {'message': 'Stock INFTEC subscribed successfully'}
2026-07-24 14:33:11,837 - {'message': 'Stock INDOIL subscribed successfully'}
2026-07-24 14:33:11,837 - {'message': 'Stock ITC subscribed successfully'}
2026-07-24 14:33:11,838 - {'message': 'Stock BAAUTO subscribed successfully'}
2026-07-24 14:33:11,838 - {'message': 'Stock LTINFO subscribed successfully'}
2026-07-24 14:33:11,838 - {'message': 'Stock MAHMAH subscribed successfully'}
2026-07-24 14:33:11,838 - {'message': 'Stock COALIN subscribed successfully'}
2026-07-24 14:33:11,839 - {'message': 'Stock SBILIF subscribed successfully'}
2026-07-24 14:33:11,840 - {'message': 'Stock ASIPAI subscribed successfully'}
2026-07-24 14:33:11,840 - {'message': 'Stock ONGC subscribed successfully'}
2026-07-24 14:33:11,840 - {'message': 'Stock ADAENT subscribed successfully'}
2026-07-24 14:33:11,841 - {'message': 'Stock RELIND subscribed successfully'}
2026-07-24 14:33:11,841 - {'message': 'Stock STABAN subscribed successfully'}
2026-07-24 14:33:11,841 - {'message': 'Stock SUNPHA subscribed successfully'}
2026-07-24 14:33:11,841 - {'message': 'Stock TATGLO subscribed successfully'}
2026-07-24 14:33:11,841 - {'message': 'Stock TATMOT subscribed successfully'}
2026-07-24 14:33:11,842 - {'message': 'Stock TATSTE subscribed successfully'}
2026-07-24 14:33:11,842 - {'message': 'Stock TITIND subscribed successfully'}
2026-07-24 14:33:11,842 - {'message': 'Stock WIPRO subscribed successfully'}
2026-07-24 14:33:11,842 - {'message': 'Stock HDFSTA subscribed successfully'}
2026-07-24 14:33:11,842 - {'message': 'Stock ICIBAN subscribed successfully'}
2026-07-24 14:33:11,843 - {'message': 'Stock INDBA subscribed successfully'}
2026-07-24 14:33:11,843 - {'message': 'Stock BHAPET subscribed successfully'}
2026-07-24 14:33:11,843 - {'message': 'Stock BRIIND subscribed successfully'}
2026-07-24 14:33:11,843 - {'message': 'Stock AXIBAN subscribed successfully'}
2026-07-24 14:33:11,843 - {'message': 'Stock CIPLA subscribed successfully'}
2026-07-24 14:33:11,844 - {'message': 'Stock HCLTEC subscribed successfully'}
2026-07-24 14:33:11,844 - {'message': 'Stock EICMOT subscribed successfully'}
2026-07-24 14:33:11,845 - {'message': 'Stock BAFINS subscribed successfully'}
2026-07-24 14:33:11,846 - {'message': 'Stock NESIND subscribed successfully'}
2026-07-24 14:33:11,846 - {'message': 'Stock KOTMAH subscribed successfully'}
2026-07-24 14:33:11,846 - {'message': 'Stock BAJFI subscribed successfully'}
2026-07-24 14:33:11,846 - {'message': 'Stock DRREDD subscribed successfully'}
2026-07-24 14:33:11,846 - {'message': 'Stock NIFTY subscribed successfully'}
2026-07-24 14:33:11,846 - {'message': 'Stock CNXBAN subscribed successfully'}
2026-07-24 14:33:11,846 - {'message': 'Stock NIFFIN subscribed successfully'}
2026-07-24 14:33:11,847 - {'message': 'Stock NIFMID subscribed successfully'}
2026-07-24 14:33:11,847 - {'message': 'Stock BSESEN subscribed successfully'}
2026-07-24 14:33:11,847 - {'message': 'Stock CNXNXT subscribed successfully'}
2026-07-24 15:02:27,435 - [{'message': 'socket server for rate refresh  has been disconnected.'}, {'message': 'socket server is not connected to OHLCV Stream.'}, {'message': 'socket server is not connected to order refresh.'}]
2026-07-24 15:02:33,773 - {'message': 'Stock BHAAIR subscribed successfully'}
2026-07-24 15:02:33,774 - {'message': 'Stock DIVLAB subscribed successfully'}
2026-07-24 15:02:33,774 - {'message': 'Stock MARUTI subscribed successfully'}
2026-07-24 15:02:33,774 - {'message': 'Stock UNIP subscribed successfully'}
2026-07-24 15:02:33,775 - {'message': 'Stock LARTOU subscribed successfully'}
2026-07-24 15:02:33,776 - {'message': 'Stock ULTCEM subscribed successfully'}
2026-07-24 15:02:33,777 - {'message': 'Stock TCS subscribed successfully'}
2026-07-24 15:02:33,778 - {'message': 'Stock NTPC subscribed successfully'}
2026-07-24 15:02:33,778 - {'message': 'Stock JSWSTE subscribed successfully'}
2026-07-24 15:02:33,778 - {'message': 'Stock GRASIM subscribed successfully'}
2026-07-24 15:02:33,779 - {'message': 'Stock HDFBAN subscribed successfully'}
2026-07-24 15:02:33,779 - {'message': 'Stock HERHON subscribed successfully'}
2026-07-24 15:02:33,779 - {'message': 'Stock TECMAH subscribed successfully'}
2026-07-24 15:02:33,779 - {'message': 'Stock HINLEV subscribed successfully'}
2026-07-24 15:02:33,779 - {'message': 'Stock POWGRI subscribed successfully'}
2026-07-24 15:02:33,780 - {'message': 'Stock ADAPOR subscribed successfully'}
2026-07-24 15:02:33,780 - {'message': 'Stock APOHOS subscribed successfully'}
2026-07-24 15:02:33,781 - {'message': 'Stock INFTEC subscribed successfully'}
2026-07-24 15:02:33,783 - {'message': 'Stock INDOIL subscribed successfully'}
2026-07-24 15:02:33,783 - {'message': 'Stock ITC subscribed successfully'}
2026-07-24 15:02:33,783 - {'message': 'Stock BAAUTO subscribed successfully'}
2026-07-24 15:02:33,785 - {'message': 'Stock LTINFO subscribed successfully'}
2026-07-24 15:02:33,785 - {'message': 'Stock MAHMAH subscribed successfully'}
2026-07-24 15:02:33,785 - {'message': 'Stock COALIN subscribed successfully'}
2026-07-24 15:02:33,786 - {'message': 'Stock SBILIF subscribed successfully'}
2026-07-24 15:02:33,786 - {'message': 'Stock ASIPAI subscribed successfully'}
2026-07-24 15:02:33,786 - {'message': 'Stock ONGC subscribed successfully'}
2026-07-24 15:02:33,786 - {'message': 'Stock ADAENT subscribed successfully'}
2026-07-24 15:02:33,786 - {'message': 'Stock RELIND subscribed successfully'}
2026-07-24 15:02:33,788 - {'message': 'Stock STABAN subscribed successfully'}
2026-07-24 15:02:33,788 - {'message': 'Stock SUNPHA subscribed successfully'}
2026-07-24 15:02:33,788 - {'message': 'Stock TATGLO subscribed successfully'}
2026-07-24 15:02:33,788 - {'message': 'Stock TATMOT subscribed successfully'}
2026-07-24 15:02:33,788 - {'message': 'Stock TATSTE subscribed successfully'}
2026-07-24 15:02:33,788 - {'message': 'Stock TITIND subscribed successfully'}
2026-07-24 15:02:33,788 - {'message': 'Stock WIPRO subscribed successfully'}
2026-07-24 15:02:33,789 - {'message': 'Stock HDFSTA subscribed successfully'}
2026-07-24 15:02:33,790 - {'message': 'Stock ICIBAN subscribed successfully'}
2026-07-24 15:02:33,790 - {'message': 'Stock INDBA subscribed successfully'}
2026-07-24 15:02:33,790 - {'message': 'Stock BHAPET subscribed successfully'}
2026-07-24 15:02:33,791 - {'message': 'Stock BRIIND subscribed successfully'}
2026-07-24 15:02:33,791 - {'message': 'Stock AXIBAN subscribed successfully'}
2026-07-24 15:02:33,791 - {'message': 'Stock CIPLA subscribed successfully'}
2026-07-24 15:02:33,792 - {'message': 'Stock HCLTEC subscribed successfully'}
2026-07-24 15:02:33,792 - {'message': 'Stock EICMOT subscribed successfully'}
2026-07-24 15:02:33,792 - {'message': 'Stock BAFINS subscribed successfully'}
2026-07-24 15:02:33,793 - {'message': 'Stock NESIND subscribed successfully'}
2026-07-24 15:02:33,793 - {'message': 'Stock KOTMAH subscribed successfully'}
2026-07-24 15:02:33,793 - {'message': 'Stock BAJFI subscribed successfully'}
2026-07-24 15:02:33,793 - {'message': 'Stock DRREDD subscribed successfully'}
2026-07-24 15:02:33,793 - {'message': 'Stock NIFTY subscribed successfully'}
2026-07-24 15:02:33,793 - {'message': 'Stock CNXBAN subscribed successfully'}
2026-07-24 15:02:33,793 - {'message': 'Stock NIFFIN subscribed successfully'}
2026-07-24 15:02:33,794 - {'message': 'Stock NIFMID subscribed successfully'}
2026-07-24 15:02:33,794 - {'message': 'Stock BSESEN subscribed successfully'}
2026-07-24 15:02:33,794 - {'message': 'Stock CNXNXT subscribed successfully'}
2026-07-24 15:03:07,305 - {'message': 'Stock BHAAIR subscribed successfully'}
2026-07-24 15:03:07,306 - {'message': 'Stock DIVLAB subscribed successfully'}
2026-07-24 15:03:07,306 - {'message': 'Stock MARUTI subscribed successfully'}
2026-07-24 15:03:07,306 - {'message': 'Stock UNIP subscribed successfully'}
2026-07-24 15:03:07,306 - {'message': 'Stock LARTOU subscribed successfully'}
2026-07-24 15:03:07,306 - {'message': 'Stock ULTCEM subscribed successfully'}
2026-07-24 15:03:07,307 - {'message': 'Stock TCS subscribed successfully'}
2026-07-24 15:03:07,307 - {'message': 'Stock NTPC subscribed successfully'}
2026-07-24 15:03:07,307 - {'message': 'Stock JSWSTE subscribed successfully'}
2026-07-24 15:03:07,307 - {'message': 'Stock GRASIM subscribed successfully'}
2026-07-24 15:03:07,307 - {'message': 'Stock HDFBAN subscribed successfully'}
2026-07-24 15:03:07,307 - {'message': 'Stock HERHON subscribed successfully'}
2026-07-24 15:03:07,308 - {'message': 'Stock TECMAH subscribed successfully'}
2026-07-24 15:03:07,308 - {'message': 'Stock HINLEV subscribed successfully'}
2026-07-24 15:03:07,308 - {'message': 'Stock POWGRI subscribed successfully'}
2026-07-24 15:03:07,308 - {'message': 'Stock ADAPOR subscribed successfully'}
2026-07-24 15:03:07,309 - {'message': 'Stock APOHOS subscribed successfully'}
2026-07-24 15:03:07,309 - {'message': 'Stock INFTEC subscribed successfully'}
2026-07-24 15:03:07,309 - {'message': 'Stock INDOIL subscribed successfully'}
2026-07-24 15:03:07,309 - {'message': 'Stock ITC subscribed successfully'}
2026-07-24 15:03:07,310 - {'message': 'Stock BAAUTO subscribed successfully'}
2026-07-24 15:03:07,310 - {'message': 'Stock LTINFO subscribed successfully'}
2026-07-24 15:03:07,310 - {'message': 'Stock MAHMAH subscribed successfully'}
2026-07-24 15:03:07,310 - {'message': 'Stock COALIN subscribed successfully'}
2026-07-24 15:03:07,310 - {'message': 'Stock SBILIF subscribed successfully'}
2026-07-24 15:03:07,310 - {'message': 'Stock ASIPAI subscribed successfully'}
2026-07-24 15:03:07,310 - {'message': 'Stock ONGC subscribed successfully'}
2026-07-24 15:03:07,310 - {'message': 'Stock ADAENT subscribed successfully'}
2026-07-24 15:03:07,310 - {'message': 'Stock RELIND subscribed successfully'}
2026-07-24 15:03:07,310 - {'message': 'Stock STABAN subscribed successfully'}
2026-07-24 15:03:07,310 - {'message': 'Stock SUNPHA subscribed successfully'}
2026-07-24 15:03:07,311 - {'message': 'Stock TATGLO subscribed successfully'}
2026-07-24 15:03:07,311 - {'message': 'Stock TATMOT subscribed successfully'}
2026-07-24 15:03:07,311 - {'message': 'Stock TATSTE subscribed successfully'}
2026-07-24 15:03:07,311 - {'message': 'Stock TITIND subscribed successfully'}
2026-07-24 15:03:07,311 - {'message': 'Stock WIPRO subscribed successfully'}
2026-07-24 15:03:07,311 - {'message': 'Stock HDFSTA subscribed successfully'}
2026-07-24 15:03:07,312 - {'message': 'Stock ICIBAN subscribed successfully'}
2026-07-24 15:03:07,312 - {'message': 'Stock INDBA subscribed successfully'}
2026-07-24 15:03:07,312 - {'message': 'Stock BHAPET subscribed successfully'}
2026-07-24 15:03:07,312 - {'message': 'Stock BRIIND subscribed successfully'}
2026-07-24 15:03:07,312 - {'message': 'Stock AXIBAN subscribed successfully'}
2026-07-24 15:03:07,313 - {'message': 'Stock CIPLA subscribed successfully'}
2026-07-24 15:03:07,313 - {'message': 'Stock HCLTEC subscribed successfully'}
2026-07-24 15:03:07,313 - {'message': 'Stock EICMOT subscribed successfully'}
2026-07-24 15:03:07,313 - {'message': 'Stock BAFINS subscribed successfully'}
2026-07-24 15:03:07,313 - {'message': 'Stock NESIND subscribed successfully'}
2026-07-24 15:03:07,313 - {'message': 'Stock KOTMAH subscribed successfully'}
2026-07-24 15:03:07,313 - {'message': 'Stock BAJFI subscribed successfully'}
2026-07-24 15:03:07,314 - {'message': 'Stock DRREDD subscribed successfully'}
2026-07-24 15:03:07,314 - {'message': 'Stock NIFTY subscribed successfully'}
2026-07-24 15:03:07,314 - {'message': 'Stock CNXBAN subscribed successfully'}
2026-07-24 15:03:07,314 - {'message': 'Stock NIFFIN subscribed successfully'}
2026-07-24 15:03:07,314 - {'message': 'Stock NIFMID subscribed successfully'}
2026-07-24 15:03:07,314 - {'message': 'Stock BSESEN subscribed successfully'}
2026-07-24 15:03:07,315 - {'message': 'Stock CNXNXT subscribed successfully'}
2026-07-24 15:05:19,942 - {'message': 'Stock BHAAIR subscribed successfully'}
2026-07-24 15:05:19,943 - {'message': 'Stock DIVLAB subscribed successfully'}
2026-07-24 15:05:19,943 - {'message': 'Stock MARUTI subscribed successfully'}
2026-07-24 15:05:19,943 - {'message': 'Stock UNIP subscribed successfully'}
2026-07-24 15:05:19,944 - {'message': 'Stock LARTOU subscribed successfully'}
2026-07-24 15:05:19,944 - {'message': 'Stock ULTCEM subscribed successfully'}
2026-07-24 15:05:19,946 - {'message': 'Stock TCS subscribed successfully'}
2026-07-24 15:05:19,947 - {'message': 'Stock NTPC subscribed successfully'}
2026-07-24 15:05:19,947 - {'message': 'Stock JSWSTE subscribed successfully'}
2026-07-24 15:05:19,947 - {'message': 'Stock GRASIM subscribed successfully'}
2026-07-24 15:05:19,947 - {'message': 'Stock HDFBAN subscribed successfully'}
2026-07-24 15:05:19,948 - {'message': 'Stock HERHON subscribed successfully'}
2026-07-24 15:05:19,948 - {'message': 'Stock TECMAH subscribed successfully'}
2026-07-24 15:05:19,948 - {'message': 'Stock HINLEV subscribed successfully'}
2026-07-24 15:05:19,948 - {'message': 'Stock POWGRI subscribed successfully'}
2026-07-24 15:05:19,948 - {'message': 'Stock ADAPOR subscribed successfully'}
2026-07-24 15:05:19,948 - {'message': 'Stock APOHOS subscribed successfully'}
2026-07-24 15:05:19,948 - {'message': 'Stock INFTEC subscribed successfully'}
2026-07-24 15:05:19,949 - {'message': 'Stock INDOIL subscribed successfully'}
2026-07-24 15:05:19,949 - {'message': 'Stock ITC subscribed successfully'}
2026-07-24 15:05:19,949 - {'message': 'Stock BAAUTO subscribed successfully'}
2026-07-24 15:05:19,949 - {'message': 'Stock LTINFO subscribed successfully'}
2026-07-24 15:05:19,949 - {'message': 'Stock MAHMAH subscribed successfully'}
2026-07-24 15:05:19,951 - {'message': 'Stock COALIN subscribed successfully'}
2026-07-24 15:05:19,951 - {'message': 'Stock SBILIF subscribed successfully'}
2026-07-24 15:05:19,952 - {'message': 'Stock ASIPAI subscribed successfully'}
2026-07-24 15:05:19,952 - {'message': 'Stock ONGC subscribed successfully'}
2026-07-24 15:05:19,952 - {'message': 'Stock ADAENT subscribed successfully'}
2026-07-24 15:05:19,952 - {'message': 'Stock RELIND subscribed successfully'}
2026-07-24 15:05:19,952 - {'message': 'Stock STABAN subscribed successfully'}
2026-07-24 15:05:19,952 - {'message': 'Stock SUNPHA subscribed successfully'}
2026-07-24 15:05:19,952 - {'message': 'Stock TATGLO subscribed successfully'}
2026-07-24 15:05:19,952 - {'message': 'Stock TATMOT subscribed successfully'}
2026-07-24 15:05:19,953 - {'message': 'Stock TATSTE subscribed successfully'}
2026-07-24 15:05:19,953 - {'message': 'Stock TITIND subscribed successfully'}
2026-07-24 15:05:19,953 - {'message': 'Stock WIPRO subscribed successfully'}
2026-07-24 15:05:19,953 - {'message': 'Stock HDFSTA subscribed successfully'}
2026-07-24 15:05:19,954 - {'message': 'Stock ICIBAN subscribed successfully'}
2026-07-24 15:05:19,955 - {'message': 'Stock INDBA subscribed successfully'}
2026-07-24 15:05:19,955 - {'message': 'Stock BHAPET subscribed successfully'}
2026-07-24 15:05:19,955 - {'message': 'Stock BRIIND subscribed successfully'}
2026-07-24 15:05:19,956 - {'message': 'Stock AXIBAN subscribed successfully'}
2026-07-24 15:05:19,956 - {'message': 'Stock CIPLA subscribed successfully'}
2026-07-24 15:05:19,956 - {'message': 'Stock HCLTEC subscribed successfully'}
2026-07-24 15:05:19,956 - {'message': 'Stock EICMOT subscribed successfully'}
2026-07-24 15:05:19,956 - {'message': 'Stock BAFINS subscribed successfully'}
2026-07-24 15:05:19,956 - {'message': 'Stock NESIND subscribed successfully'}
2026-07-24 15:05:19,957 - {'message': 'Stock KOTMAH subscribed successfully'}
2026-07-24 15:05:19,957 - {'message': 'Stock BAJFI subscribed successfully'}
2026-07-24 15:05:19,957 - {'message': 'Stock DRREDD subscribed successfully'}
2026-07-24 15:05:19,957 - {'message': 'Stock NIFTY subscribed successfully'}
2026-07-24 15:05:19,958 - {'message': 'Stock CNXBAN subscribed successfully'}
2026-07-24 15:05:19,959 - {'message': 'Stock NIFFIN subscribed successfully'}
2026-07-24 15:05:19,959 - {'message': 'Stock NIFMID subscribed successfully'}
2026-07-24 15:05:19,959 - {'message': 'Stock BSESEN subscribed successfully'}
2026-07-24 15:05:19,960 - {'message': 'Stock CNXNXT subscribed successfully'}
2026-07-24 15:05:54,060 - {'message': 'Stock BHAAIR subscribed successfully'}
2026-07-24 15:05:54,061 - {'message': 'Stock DIVLAB subscribed successfully'}
2026-07-24 15:05:54,061 - {'message': 'Stock MARUTI subscribed successfully'}
2026-07-24 15:05:54,062 - {'message': 'Stock UNIP subscribed successfully'}
2026-07-24 15:05:54,062 - {'message': 'Stock LARTOU subscribed successfully'}
2026-07-24 15:05:54,062 - {'message': 'Stock ULTCEM subscribed successfully'}
2026-07-24 15:05:54,063 - {'message': 'Stock TCS subscribed successfully'}
2026-07-24 15:05:54,063 - {'message': 'Stock NTPC subscribed successfully'}
2026-07-24 15:05:54,063 - {'message': 'Stock JSWSTE subscribed successfully'}
2026-07-24 15:05:54,063 - {'message': 'Stock GRASIM subscribed successfully'}
2026-07-24 15:05:54,063 - {'message': 'Stock HDFBAN subscribed successfully'}
2026-07-24 15:05:54,063 - {'message': 'Stock HERHON subscribed successfully'}
2026-07-24 15:05:54,063 - {'message': 'Stock TECMAH subscribed successfully'}
2026-07-24 15:05:54,063 - {'message': 'Stock HINLEV subscribed successfully'}
2026-07-24 15:05:54,064 - {'message': 'Stock POWGRI subscribed successfully'}
2026-07-24 15:05:54,064 - {'message': 'Stock ADAPOR subscribed successfully'}
2026-07-24 15:05:54,064 - {'message': 'Stock APOHOS subscribed successfully'}
2026-07-24 15:05:54,064 - {'message': 'Stock INFTEC subscribed successfully'}
2026-07-24 15:05:54,064 - {'message': 'Stock INDOIL subscribed successfully'}
2026-07-24 15:05:54,064 - {'message': 'Stock ITC subscribed successfully'}
2026-07-24 15:05:54,064 - {'message': 'Stock BAAUTO subscribed successfully'}
2026-07-24 15:05:54,064 - {'message': 'Stock LTINFO subscribed successfully'}
2026-07-24 15:05:54,064 - {'message': 'Stock MAHMAH subscribed successfully'}
2026-07-24 15:05:54,064 - {'message': 'Stock COALIN subscribed successfully'}
2026-07-24 15:05:54,067 - {'message': 'Stock SBILIF subscribed successfully'}
2026-07-24 15:05:54,067 - {'message': 'Stock ASIPAI subscribed successfully'}
2026-07-24 15:05:54,067 - {'message': 'Stock ONGC subscribed successfully'}
2026-07-24 15:05:54,067 - {'message': 'Stock ADAENT subscribed successfully'}
2026-07-24 15:05:54,067 - {'message': 'Stock RELIND subscribed successfully'}
2026-07-24 15:05:54,068 - {'message': 'Stock STABAN subscribed successfully'}
2026-07-24 15:05:54,068 - {'message': 'Stock SUNPHA subscribed successfully'}
2026-07-24 15:05:54,068 - {'message': 'Stock TATGLO subscribed successfully'}
2026-07-24 15:05:54,068 - {'message': 'Stock TATMOT subscribed successfully'}
2026-07-24 15:05:54,070 - {'message': 'Stock TATSTE subscribed successfully'}
2026-07-24 15:05:54,071 - {'message': 'Stock TITIND subscribed successfully'}
2026-07-24 15:05:54,071 - {'message': 'Stock WIPRO subscribed successfully'}
2026-07-24 15:05:54,071 - {'message': 'Stock HDFSTA subscribed successfully'}
2026-07-24 15:05:54,071 - {'message': 'Stock ICIBAN subscribed successfully'}
2026-07-24 15:05:54,071 - {'message': 'Stock INDBA subscribed successfully'}
2026-07-24 15:05:54,071 - {'message': 'Stock BHAPET subscribed successfully'}
2026-07-24 15:05:54,071 - {'message': 'Stock BRIIND subscribed successfully'}
2026-07-24 15:05:54,071 - {'message': 'Stock AXIBAN subscribed successfully'}
2026-07-24 15:05:54,071 - {'message': 'Stock CIPLA subscribed successfully'}
2026-07-24 15:05:54,072 - {'message': 'Stock HCLTEC subscribed successfully'}
2026-07-24 15:05:54,072 - {'message': 'Stock EICMOT subscribed successfully'}
2026-07-24 15:05:54,072 - {'message': 'Stock BAFINS subscribed successfully'}
2026-07-24 15:05:54,072 - {'message': 'Stock NESIND subscribed successfully'}
2026-07-24 15:05:54,072 - {'message': 'Stock KOTMAH subscribed successfully'}
2026-07-24 15:05:54,072 - {'message': 'Stock BAJFI subscribed successfully'}
2026-07-24 15:05:54,074 - {'message': 'Stock DRREDD subscribed successfully'}
2026-07-24 15:05:54,074 - {'message': 'Stock NIFTY subscribed successfully'}
2026-07-24 15:05:54,074 - {'message': 'Stock CNXBAN subscribed successfully'}
2026-07-24 15:05:54,075 - {'message': 'Stock NIFFIN subscribed successfully'}
2026-07-24 15:05:54,075 - {'message': 'Stock NIFMID subscribed successfully'}
2026-07-24 15:05:54,075 - {'message': 'Stock BSESEN subscribed successfully'}
2026-07-24 15:05:54,075 - {'message': 'Stock CNXNXT subscribed successfully'}
2026-07-24 15:27:33,072 - [{'message': 'socket server for rate refresh  has been disconnected.'}, {'message': 'socket server is not connected to OHLCV Stream.'}, {'message': 'socket server is not connected to order refresh.'}]
2026-07-24 15:27:38,946 - {'message': 'Stock BHAAIR subscribed successfully'}
2026-07-24 15:27:38,946 - {'message': 'Stock DIVLAB subscribed successfully'}
2026-07-24 15:27:38,946 - {'message': 'Stock MARUTI subscribed successfully'}
2026-07-24 15:27:38,946 - {'message': 'Stock UNIP subscribed successfully'}
2026-07-24 15:27:38,948 - {'message': 'Stock LARTOU subscribed successfully'}
2026-07-24 15:27:38,948 - {'message': 'Stock ULTCEM subscribed successfully'}
2026-07-24 15:27:38,949 - {'message': 'Stock TCS subscribed successfully'}
2026-07-24 15:27:38,951 - {'message': 'Stock NTPC subscribed successfully'}
2026-07-24 15:27:38,951 - {'message': 'Stock JSWSTE subscribed successfully'}
2026-07-24 15:27:38,952 - {'message': 'Stock GRASIM subscribed successfully'}
2026-07-24 15:27:38,952 - {'message': 'Stock HDFBAN subscribed successfully'}
2026-07-24 15:27:38,952 - {'message': 'Stock HERHON subscribed successfully'}
2026-07-24 15:27:38,952 - {'message': 'Stock TECMAH subscribed successfully'}
2026-07-24 15:27:38,952 - {'message': 'Stock HINLEV subscribed successfully'}
2026-07-24 15:27:38,953 - {'message': 'Stock POWGRI subscribed successfully'}
2026-07-24 15:27:38,953 - {'message': 'Stock ADAPOR subscribed successfully'}
2026-07-24 15:27:38,953 - {'message': 'Stock APOHOS subscribed successfully'}
2026-07-24 15:27:38,953 - {'message': 'Stock INFTEC subscribed successfully'}
2026-07-24 15:27:38,954 - {'message': 'Stock INDOIL subscribed successfully'}
2026-07-24 15:27:38,955 - {'message': 'Stock ITC subscribed successfully'}
2026-07-24 15:27:38,956 - {'message': 'Stock BAAUTO subscribed successfully'}
2026-07-24 15:27:38,956 - {'message': 'Stock LTINFO subscribed successfully'}
2026-07-24 15:27:38,957 - {'message': 'Stock MAHMAH subscribed successfully'}
2026-07-24 15:27:38,957 - {'message': 'Stock COALIN subscribed successfully'}
2026-07-24 15:27:38,957 - {'message': 'Stock SBILIF subscribed successfully'}
2026-07-24 15:27:38,957 - {'message': 'Stock ASIPAI subscribed successfully'}
2026-07-24 15:27:38,957 - {'message': 'Stock ONGC subscribed successfully'}
2026-07-24 15:27:38,957 - {'message': 'Stock ADAENT subscribed successfully'}
2026-07-24 15:27:38,957 - {'message': 'Stock RELIND subscribed successfully'}
2026-07-24 15:27:38,957 - {'message': 'Stock STABAN subscribed successfully'}
2026-07-24 15:27:38,958 - {'message': 'Stock SUNPHA subscribed successfully'}
2026-07-24 15:27:38,959 - {'message': 'Stock TATGLO subscribed successfully'}
2026-07-24 15:27:38,959 - {'message': 'Stock TATMOT subscribed successfully'}
2026-07-24 15:27:38,959 - {'message': 'Stock TATSTE subscribed successfully'}
2026-07-24 15:27:38,960 - {'message': 'Stock TITIND subscribed successfully'}
2026-07-24 15:27:38,960 - {'message': 'Stock WIPRO subscribed successfully'}
2026-07-24 15:27:38,961 - {'message': 'Stock HDFSTA subscribed successfully'}
2026-07-24 15:27:38,961 - {'message': 'Stock ICIBAN subscribed successfully'}
2026-07-24 15:27:38,961 - {'message': 'Stock INDBA subscribed successfully'}
2026-07-24 15:27:38,961 - {'message': 'Stock BHAPET subscribed successfully'}
2026-07-24 15:27:38,961 - {'message': 'Stock BRIIND subscribed successfully'}
2026-07-24 15:27:38,961 - {'message': 'Stock AXIBAN subscribed successfully'}
2026-07-24 15:27:38,961 - {'message': 'Stock CIPLA subscribed successfully'}
2026-07-24 15:27:38,962 - {'message': 'Stock HCLTEC subscribed successfully'}
2026-07-24 15:27:38,963 - {'message': 'Stock EICMOT subscribed successfully'}
2026-07-24 15:27:38,963 - {'message': 'Stock BAFINS subscribed successfully'}
2026-07-24 15:27:38,964 - {'message': 'Stock NESIND subscribed successfully'}
2026-07-24 15:27:38,964 - {'message': 'Stock KOTMAH subscribed successfully'}
2026-07-24 15:27:38,965 - {'message': 'Stock BAJFI subscribed successfully'}
2026-07-24 15:27:38,965 - {'message': 'Stock DRREDD subscribed successfully'}
2026-07-24 15:27:38,965 - {'message': 'Stock NIFTY subscribed successfully'}
2026-07-24 15:27:38,965 - {'message': 'Stock CNXBAN subscribed successfully'}
2026-07-24 15:27:38,965 - {'message': 'Stock NIFFIN subscribed successfully'}
2026-07-24 15:27:38,965 - {'message': 'Stock NIFMID subscribed successfully'}
2026-07-24 15:27:38,966 - {'message': 'Stock BSESEN subscribed successfully'}
2026-07-24 15:27:38,966 - {'message': 'Stock CNXNXT subscribed successfully'}
2026-07-24 15:27:59,125 - {'message': 'Stock BHAAIR subscribed successfully'}
2026-07-24 15:27:59,125 - {'message': 'Stock DIVLAB subscribed successfully'}
2026-07-24 15:27:59,125 - {'message': 'Stock MARUTI subscribed successfully'}
2026-07-24 15:27:59,125 - {'message': 'Stock UNIP subscribed successfully'}
2026-07-24 15:27:59,125 - {'message': 'Stock LARTOU subscribed successfully'}
2026-07-24 15:27:59,125 - {'message': 'Stock ULTCEM subscribed successfully'}
2026-07-24 15:27:59,125 - {'message': 'Stock TCS subscribed successfully'}
2026-07-24 15:27:59,126 - {'message': 'Stock NTPC subscribed successfully'}
2026-07-24 15:27:59,126 - {'message': 'Stock JSWSTE subscribed successfully'}
2026-07-24 15:27:59,126 - {'message': 'Stock GRASIM subscribed successfully'}
2026-07-24 15:27:59,126 - {'message': 'Stock HDFBAN subscribed successfully'}
2026-07-24 15:27:59,126 - {'message': 'Stock HERHON subscribed successfully'}
2026-07-24 15:27:59,126 - {'message': 'Stock TECMAH subscribed successfully'}
2026-07-24 15:27:59,126 - {'message': 'Stock HINLEV subscribed successfully'}
2026-07-24 15:27:59,127 - {'message': 'Stock POWGRI subscribed successfully'}
2026-07-24 15:27:59,127 - {'message': 'Stock ADAPOR subscribed successfully'}
2026-07-24 15:27:59,127 - {'message': 'Stock APOHOS subscribed successfully'}
2026-07-24 15:27:59,127 - {'message': 'Stock INFTEC subscribed successfully'}
2026-07-24 15:27:59,127 - {'message': 'Stock INDOIL subscribed successfully'}
2026-07-24 15:27:59,127 - {'message': 'Stock ITC subscribed successfully'}
2026-07-24 15:27:59,127 - {'message': 'Stock BAAUTO subscribed successfully'}
2026-07-24 15:27:59,127 - {'message': 'Stock LTINFO subscribed successfully'}
2026-07-24 15:27:59,127 - {'message': 'Stock MAHMAH subscribed successfully'}
2026-07-24 15:27:59,127 - {'message': 'Stock COALIN subscribed successfully'}
2026-07-24 15:27:59,127 - {'message': 'Stock SBILIF subscribed successfully'}
2026-07-24 15:27:59,127 - {'message': 'Stock ASIPAI subscribed successfully'}
2026-07-24 15:27:59,127 - {'message': 'Stock ONGC subscribed successfully'}
2026-07-24 15:27:59,127 - {'message': 'Stock ADAENT subscribed successfully'}
2026-07-24 15:27:59,127 - {'message': 'Stock RELIND subscribed successfully'}
2026-07-24 15:27:59,127 - {'message': 'Stock STABAN subscribed successfully'}
2026-07-24 15:27:59,127 - {'message': 'Stock SUNPHA subscribed successfully'}
2026-07-24 15:27:59,127 - {'message': 'Stock TATGLO subscribed successfully'}
2026-07-24 15:27:59,128 - {'message': 'Stock TATMOT subscribed successfully'}
2026-07-24 15:27:59,128 - {'message': 'Stock TATSTE subscribed successfully'}
2026-07-24 15:27:59,128 - {'message': 'Stock TITIND subscribed successfully'}
2026-07-24 15:27:59,128 - {'message': 'Stock WIPRO subscribed successfully'}
2026-07-24 15:27:59,128 - {'message': 'Stock HDFSTA subscribed successfully'}
2026-07-24 15:27:59,128 - {'message': 'Stock ICIBAN subscribed successfully'}
2026-07-24 15:27:59,128 - {'message': 'Stock INDBA subscribed successfully'}
2026-07-24 15:27:59,128 - {'message': 'Stock BHAPET subscribed successfully'}
2026-07-24 15:27:59,128 - {'message': 'Stock BRIIND subscribed successfully'}
2026-07-24 15:27:59,128 - {'message': 'Stock AXIBAN subscribed successfully'}
2026-07-24 15:27:59,128 - {'message': 'Stock CIPLA subscribed successfully'}
2026-07-24 15:27:59,129 - {'message': 'Stock HCLTEC subscribed successfully'}
2026-07-24 15:27:59,129 - {'message': 'Stock EICMOT subscribed successfully'}
2026-07-24 15:27:59,129 - {'message': 'Stock BAFINS subscribed successfully'}
2026-07-24 15:27:59,129 - {'message': 'Stock NESIND subscribed successfully'}
2026-07-24 15:27:59,129 - {'message': 'Stock KOTMAH subscribed successfully'}
2026-07-24 15:27:59,129 - {'message': 'Stock BAJFI subscribed successfully'}
2026-07-24 15:27:59,129 - {'message': 'Stock DRREDD subscribed successfully'}
2026-07-24 15:27:59,129 - {'message': 'Stock NIFTY subscribed successfully'}
2026-07-24 15:27:59,129 - {'message': 'Stock CNXBAN subscribed successfully'}
2026-07-24 15:27:59,129 - {'message': 'Stock NIFFIN subscribed successfully'}
2026-07-24 15:27:59,129 - {'message': 'Stock NIFMID subscribed successfully'}
2026-07-24 15:27:59,129 - {'message': 'Stock BSESEN subscribed successfully'}
2026-07-24 15:27:59,129 - {'message': 'Stock CNXNXT subscribed successfully'}
2026-07-24 16:00:55,212 - [{'message': 'socket server for rate refresh  has been disconnected.'}, {'message': 'socket server is not connected to OHLCV Stream.'}, {'message': 'socket server is not connected to order refresh.'}]
2026-07-24 16:04:48,987 - {'message': 'Stock BHAAIR subscribed successfully'}
2026-07-24 16:04:48,988 - {'message': 'Stock DIVLAB subscribed successfully'}
2026-07-24 16:04:48,988 - {'message': 'Stock MARUTI subscribed successfully'}
2026-07-24 16:04:48,988 - {'message': 'Stock UNIP subscribed successfully'}
2026-07-24 16:04:48,988 - {'message': 'Stock LARTOU subscribed successfully'}
2026-07-24 16:04:48,988 - {'message': 'Stock ULTCEM subscribed successfully'}
2026-07-24 16:04:48,988 - {'message': 'Stock TCS subscribed successfully'}
2026-07-24 16:04:48,988 - {'message': 'Stock NTPC subscribed successfully'}
2026-07-24 16:04:48,988 - {'message': 'Stock JSWSTE subscribed successfully'}
2026-07-24 16:04:48,989 - {'message': 'Stock GRASIM subscribed successfully'}
2026-07-24 16:04:48,989 - {'message': 'Stock HDFBAN subscribed successfully'}
2026-07-24 16:04:48,989 - {'message': 'Stock HERHON subscribed successfully'}
2026-07-24 16:04:48,989 - {'message': 'Stock TECMAH subscribed successfully'}
2026-07-24 16:04:48,989 - {'message': 'Stock HINLEV subscribed successfully'}
2026-07-24 16:04:48,989 - {'message': 'Stock POWGRI subscribed successfully'}
2026-07-24 16:04:48,989 - {'message': 'Stock ADAPOR subscribed successfully'}
2026-07-24 16:04:48,989 - {'message': 'Stock APOHOS subscribed successfully'}
2026-07-24 16:04:48,989 - {'message': 'Stock INFTEC subscribed successfully'}
2026-07-24 16:04:48,990 - {'message': 'Stock INDOIL subscribed successfully'}
2026-07-24 16:04:48,991 - {'message': 'Stock ITC subscribed successfully'}
2026-07-24 16:04:48,991 - {'message': 'Stock BAAUTO subscribed successfully'}
2026-07-24 16:04:48,991 - {'message': 'Stock LTINFO subscribed successfully'}
2026-07-24 16:04:48,993 - {'message': 'Stock MAHMAH subscribed successfully'}
2026-07-24 16:04:48,993 - {'message': 'Stock COALIN subscribed successfully'}
2026-07-24 16:04:48,993 - {'message': 'Stock SBILIF subscribed successfully'}
2026-07-24 16:04:48,993 - {'message': 'Stock ASIPAI subscribed successfully'}
2026-07-24 16:04:48,994 - {'message': 'Stock ONGC subscribed successfully'}
2026-07-24 16:04:48,994 - {'message': 'Stock ADAENT subscribed successfully'}
2026-07-24 16:04:48,994 - {'message': 'Stock RELIND subscribed successfully'}
2026-07-24 16:04:48,994 - {'message': 'Stock STABAN subscribed successfully'}
2026-07-24 16:04:48,994 - {'message': 'Stock SUNPHA subscribed successfully'}
2026-07-24 16:04:48,994 - {'message': 'Stock TATGLO subscribed successfully'}
2026-07-24 16:04:48,994 - {'message': 'Stock TATMOT subscribed successfully'}
2026-07-24 16:04:48,996 - {'message': 'Stock TATSTE subscribed successfully'}
2026-07-24 16:04:48,996 - {'message': 'Stock TITIND subscribed successfully'}
2026-07-24 16:04:48,997 - {'message': 'Stock WIPRO subscribed successfully'}
2026-07-24 16:04:48,997 - {'message': 'Stock HDFSTA subscribed successfully'}
2026-07-24 16:04:48,997 - {'message': 'Stock ICIBAN subscribed successfully'}
2026-07-24 16:04:48,997 - {'message': 'Stock INDBA subscribed successfully'}
2026-07-24 16:04:48,997 - {'message': 'Stock BHAPET subscribed successfully'}
2026-07-24 16:04:48,998 - {'message': 'Stock BRIIND subscribed successfully'}
2026-07-24 16:04:48,998 - {'message': 'Stock AXIBAN subscribed successfully'}
2026-07-24 16:04:48,998 - {'message': 'Stock CIPLA subscribed successfully'}
2026-07-24 16:04:48,998 - {'message': 'Stock HCLTEC subscribed successfully'}
2026-07-24 16:04:48,998 - {'message': 'Stock EICMOT subscribed successfully'}
2026-07-24 16:04:49,000 - {'message': 'Stock BAFINS subscribed successfully'}
2026-07-24 16:04:49,000 - {'message': 'Stock NESIND subscribed successfully'}
2026-07-24 16:04:49,000 - {'message': 'Stock KOTMAH subscribed successfully'}
2026-07-24 16:04:49,001 - {'message': 'Stock BAJFI subscribed successfully'}
2026-07-24 16:04:49,001 - {'message': 'Stock DRREDD subscribed successfully'}
2026-07-24 16:04:49,001 - {'message': 'Stock NIFTY subscribed successfully'}
2026-07-24 16:04:49,001 - {'message': 'Stock CNXBAN subscribed successfully'}
2026-07-24 16:04:49,001 - {'message': 'Stock NIFFIN subscribed successfully'}
2026-07-24 16:04:49,002 - {'message': 'Stock NIFMID subscribed successfully'}
2026-07-24 16:04:49,002 - {'message': 'Stock BSESEN subscribed successfully'}
2026-07-24 16:04:49,002 - {'message': 'Stock CNXNXT subscribed successfully'}
2026-07-24 16:10:45,492 - [{'message': 'socket server for rate refresh  has been disconnected.'}, {'message': 'socket server is not connected to OHLCV Stream.'}, {'message': 'socket server is not connected to order refresh.'}]
2026-07-24 16:10:51,444 - {'message': 'Stock BHAAIR subscribed successfully'}
2026-07-24 16:10:51,445 - {'message': 'Stock DIVLAB subscribed successfully'}
2026-07-24 16:10:51,445 - {'message': 'Stock MARUTI subscribed successfully'}
2026-07-24 16:10:51,445 - {'message': 'Stock UNIP subscribed successfully'}
2026-07-24 16:10:51,445 - {'message': 'Stock LARTOU subscribed successfully'}
2026-07-24 16:10:51,445 - {'message': 'Stock ULTCEM subscribed successfully'}
2026-07-24 16:10:51,445 - {'message': 'Stock TCS subscribed successfully'}
2026-07-24 16:10:51,446 - {'message': 'Stock NTPC subscribed successfully'}
2026-07-24 16:10:51,446 - {'message': 'Stock JSWSTE subscribed successfully'}
2026-07-24 16:10:51,446 - {'message': 'Stock GRASIM subscribed successfully'}
2026-07-24 16:10:51,446 - {'message': 'Stock HDFBAN subscribed successfully'}
2026-07-24 16:10:51,446 - {'message': 'Stock HERHON subscribed successfully'}
2026-07-24 16:10:51,447 - {'message': 'Stock TECMAH subscribed successfully'}
2026-07-24 16:10:51,447 - {'message': 'Stock HINLEV subscribed successfully'}
2026-07-24 16:10:51,447 - {'message': 'Stock POWGRI subscribed successfully'}
2026-07-24 16:10:51,447 - {'message': 'Stock ADAPOR subscribed successfully'}
2026-07-24 16:10:51,447 - {'message': 'Stock APOHOS subscribed successfully'}
2026-07-24 16:10:51,447 - {'message': 'Stock INFTEC subscribed successfully'}
2026-07-24 16:10:51,447 - {'message': 'Stock INDOIL subscribed successfully'}
2026-07-24 16:10:51,449 - {'message': 'Stock ITC subscribed successfully'}
2026-07-24 16:10:51,449 - {'message': 'Stock BAAUTO subscribed successfully'}
2026-07-24 16:10:51,449 - {'message': 'Stock LTINFO subscribed successfully'}
2026-07-24 16:10:51,449 - {'message': 'Stock MAHMAH subscribed successfully'}
2026-07-24 16:10:51,449 - {'message': 'Stock COALIN subscribed successfully'}
2026-07-24 16:10:51,449 - {'message': 'Stock SBILIF subscribed successfully'}
2026-07-24 16:10:51,449 - {'message': 'Stock ASIPAI subscribed successfully'}
2026-07-24 16:10:51,449 - {'message': 'Stock ONGC subscribed successfully'}
2026-07-24 16:10:51,449 - {'message': 'Stock ADAENT subscribed successfully'}
2026-07-24 16:10:51,449 - {'message': 'Stock RELIND subscribed successfully'}
2026-07-24 16:10:51,449 - {'message': 'Stock STABAN subscribed successfully'}
2026-07-24 16:10:51,449 - {'message': 'Stock SUNPHA subscribed successfully'}
2026-07-24 16:10:51,449 - {'message': 'Stock TATGLO subscribed successfully'}
2026-07-24 16:10:51,449 - {'message': 'Stock TATMOT subscribed successfully'}
2026-07-24 16:10:51,449 - {'message': 'Stock TATSTE subscribed successfully'}
2026-07-24 16:10:51,449 - {'message': 'Stock TITIND subscribed successfully'}
2026-07-24 16:10:51,449 - {'message': 'Stock WIPRO subscribed successfully'}
2026-07-24 16:10:51,449 - {'message': 'Stock HDFSTA subscribed successfully'}
2026-07-24 16:10:51,449 - {'message': 'Stock ICIBAN subscribed successfully'}
2026-07-24 16:10:51,449 - {'message': 'Stock INDBA subscribed successfully'}
2026-07-24 16:10:51,449 - {'message': 'Stock BHAPET subscribed successfully'}
2026-07-24 16:10:51,449 - {'message': 'Stock BRIIND subscribed successfully'}
2026-07-24 16:10:51,449 - {'message': 'Stock AXIBAN subscribed successfully'}
2026-07-24 16:10:51,449 - {'message': 'Stock CIPLA subscribed successfully'}
2026-07-24 16:10:51,449 - {'message': 'Stock HCLTEC subscribed successfully'}
2026-07-24 16:10:51,449 - {'message': 'Stock EICMOT subscribed successfully'}
2026-07-24 16:10:51,449 - {'message': 'Stock BAFINS subscribed successfully'}
2026-07-24 16:10:51,449 - {'message': 'Stock NESIND subscribed successfully'}
2026-07-24 16:10:51,449 - {'message': 'Stock KOTMAH subscribed successfully'}
2026-07-24 16:10:51,449 - {'message': 'Stock BAJFI subscribed successfully'}
2026-07-24 16:10:51,449 - {'message': 'Stock DRREDD subscribed successfully'}
2026-07-24 16:10:51,449 - {'message': 'Stock NIFTY subscribed successfully'}
2026-07-24 16:10:51,449 - {'message': 'Stock CNXBAN subscribed successfully'}
2026-07-24 16:10:51,449 - {'message': 'Stock NIFFIN subscribed successfully'}
2026-07-24 16:10:51,449 - {'message': 'Stock NIFMID subscribed successfully'}
2026-07-24 16:10:51,449 - {'message': 'Stock BSESEN subscribed successfully'}
2026-07-24 16:10:51,449 - {'message': 'Stock CNXNXT subscribed successfully'}
2026-07-24 16:17:36,842 - [{'message': 'socket server for rate refresh  has been disconnected.'}, {'message': 'socket server is not connected to OHLCV Stream.'}, {'message': 'socket server is not connected to order refresh.'}]
2026-07-24 16:17:43,067 - {'message': 'Stock BHAAIR subscribed successfully'}
2026-07-24 16:17:43,068 - {'message': 'Stock DIVLAB subscribed successfully'}
2026-07-24 16:17:43,068 - {'message': 'Stock MARUTI subscribed successfully'}
2026-07-24 16:17:43,068 - {'message': 'Stock UNIP subscribed successfully'}
2026-07-24 16:17:43,068 - {'message': 'Stock LARTOU subscribed successfully'}
2026-07-24 16:17:43,069 - {'message': 'Stock ULTCEM subscribed successfully'}
2026-07-24 16:17:43,069 - {'message': 'Stock TCS subscribed successfully'}
2026-07-24 16:17:43,071 - {'message': 'Stock NTPC subscribed successfully'}
2026-07-24 16:17:43,072 - {'message': 'Stock JSWSTE subscribed successfully'}
2026-07-24 16:17:43,073 - {'message': 'Stock GRASIM subscribed successfully'}
2026-07-24 16:17:43,073 - {'message': 'Stock HDFBAN subscribed successfully'}
2026-07-24 16:17:43,073 - {'message': 'Stock HERHON subscribed successfully'}
2026-07-24 16:17:43,075 - {'message': 'Stock TECMAH subscribed successfully'}
2026-07-24 16:17:43,076 - {'message': 'Stock HINLEV subscribed successfully'}
2026-07-24 16:17:43,076 - {'message': 'Stock POWGRI subscribed successfully'}
2026-07-24 16:17:43,077 - {'message': 'Stock ADAPOR subscribed successfully'}
2026-07-24 16:17:43,078 - {'message': 'Stock APOHOS subscribed successfully'}
2026-07-24 16:17:43,079 - {'message': 'Stock INFTEC subscribed successfully'}
2026-07-24 16:17:43,080 - {'message': 'Stock INDOIL subscribed successfully'}
2026-07-24 16:17:43,080 - {'message': 'Stock ITC subscribed successfully'}
2026-07-24 16:17:43,081 - {'message': 'Stock BAAUTO subscribed successfully'}
2026-07-24 16:17:43,081 - {'message': 'Stock LTINFO subscribed successfully'}
2026-07-24 16:17:43,081 - {'message': 'Stock MAHMAH subscribed successfully'}
2026-07-24 16:17:43,082 - {'message': 'Stock COALIN subscribed successfully'}
2026-07-24 16:17:43,082 - {'message': 'Stock SBILIF subscribed successfully'}
2026-07-24 16:17:43,082 - {'message': 'Stock ASIPAI subscribed successfully'}
2026-07-24 16:17:43,083 - {'message': 'Stock ONGC subscribed successfully'}
2026-07-24 16:17:43,083 - {'message': 'Stock ADAENT subscribed successfully'}
2026-07-24 16:17:43,083 - {'message': 'Stock RELIND subscribed successfully'}
2026-07-24 16:17:43,083 - {'message': 'Stock STABAN subscribed successfully'}
2026-07-24 16:17:43,083 - {'message': 'Stock SUNPHA subscribed successfully'}
2026-07-24 16:17:43,084 - {'message': 'Stock TATGLO subscribed successfully'}
2026-07-24 16:17:43,084 - {'message': 'Stock TATMOT subscribed successfully'}
2026-07-24 16:17:43,084 - {'message': 'Stock TATSTE subscribed successfully'}
2026-07-24 16:17:43,084 - {'message': 'Stock TITIND subscribed successfully'}
2026-07-24 16:17:43,084 - {'message': 'Stock WIPRO subscribed successfully'}
2026-07-24 16:17:43,086 - {'message': 'Stock HDFSTA subscribed successfully'}
2026-07-24 16:17:43,087 - {'message': 'Stock ICIBAN subscribed successfully'}
2026-07-24 16:17:43,087 - {'message': 'Stock INDBA subscribed successfully'}
2026-07-24 16:17:43,087 - {'message': 'Stock BHAPET subscribed successfully'}
2026-07-24 16:17:43,088 - {'message': 'Stock BRIIND subscribed successfully'}
2026-07-24 16:17:43,088 - {'message': 'Stock AXIBAN subscribed successfully'}
2026-07-24 16:17:43,088 - {'message': 'Stock CIPLA subscribed successfully'}
2026-07-24 16:17:43,088 - {'message': 'Stock HCLTEC subscribed successfully'}
2026-07-24 16:17:43,089 - {'message': 'Stock EICMOT subscribed successfully'}
2026-07-24 16:17:43,089 - {'message': 'Stock BAFINS subscribed successfully'}
2026-07-24 16:17:43,089 - {'message': 'Stock NESIND subscribed successfully'}
2026-07-24 16:17:43,089 - {'message': 'Stock KOTMAH subscribed successfully'}
2026-07-24 16:17:43,089 - {'message': 'Stock BAJFI subscribed successfully'}
2026-07-24 16:17:43,090 - {'message': 'Stock DRREDD subscribed successfully'}
2026-07-24 16:17:43,090 - {'message': 'Stock NIFTY subscribed successfully'}
2026-07-24 16:17:43,090 - {'message': 'Stock CNXBAN subscribed successfully'}
2026-07-24 16:17:43,090 - {'message': 'Stock NIFFIN subscribed successfully'}
2026-07-24 16:17:43,090 - {'message': 'Stock NIFMID subscribed successfully'}
2026-07-24 16:17:43,091 - {'message': 'Stock BSESEN subscribed successfully'}
2026-07-24 16:17:43,091 - {'message': 'Stock CNXNXT subscribed successfully'}
2026-07-24 16:18:13,802 - [{'message': 'socket server for rate refresh  has been disconnected.'}, {'message': 'socket server is not connected to OHLCV Stream.'}, {'message': 'socket server is not connected to order refresh.'}]
2026-07-24 16:18:19,174 - {'message': 'Stock BHAAIR subscribed successfully'}
2026-07-24 16:18:19,176 - {'message': 'Stock DIVLAB subscribed successfully'}
2026-07-24 16:18:19,176 - {'message': 'Stock MARUTI subscribed successfully'}
2026-07-24 16:18:19,176 - {'message': 'Stock UNIP subscribed successfully'}
2026-07-24 16:18:19,176 - {'message': 'Stock LARTOU subscribed successfully'}
2026-07-24 16:18:19,177 - {'message': 'Stock ULTCEM subscribed successfully'}
2026-07-24 16:18:19,178 - {'message': 'Stock TCS subscribed successfully'}
2026-07-24 16:18:19,179 - {'message': 'Stock NTPC subscribed successfully'}
2026-07-24 16:18:19,179 - {'message': 'Stock JSWSTE subscribed successfully'}
2026-07-24 16:18:19,179 - {'message': 'Stock GRASIM subscribed successfully'}
2026-07-24 16:18:19,179 - {'message': 'Stock HDFBAN subscribed successfully'}
2026-07-24 16:18:19,179 - {'message': 'Stock HERHON subscribed successfully'}
2026-07-24 16:18:19,181 - {'message': 'Stock TECMAH subscribed successfully'}
2026-07-24 16:18:19,181 - {'message': 'Stock HINLEV subscribed successfully'}
2026-07-24 16:18:19,182 - {'message': 'Stock POWGRI subscribed successfully'}
2026-07-24 16:18:19,182 - {'message': 'Stock ADAPOR subscribed successfully'}
2026-07-24 16:18:19,183 - {'message': 'Stock APOHOS subscribed successfully'}
2026-07-24 16:18:19,183 - {'message': 'Stock INFTEC subscribed successfully'}
2026-07-24 16:18:19,184 - {'message': 'Stock INDOIL subscribed successfully'}
2026-07-24 16:18:19,184 - {'message': 'Stock ITC subscribed successfully'}
2026-07-24 16:18:19,184 - {'message': 'Stock BAAUTO subscribed successfully'}
2026-07-24 16:18:19,184 - {'message': 'Stock LTINFO subscribed successfully'}
2026-07-24 16:18:19,184 - {'message': 'Stock MAHMAH subscribed successfully'}
2026-07-24 16:18:19,184 - {'message': 'Stock COALIN subscribed successfully'}
2026-07-24 16:18:19,185 - {'message': 'Stock SBILIF subscribed successfully'}
2026-07-24 16:18:19,185 - {'message': 'Stock ASIPAI subscribed successfully'}
2026-07-24 16:18:19,185 - {'message': 'Stock ONGC subscribed successfully'}
2026-07-24 16:18:19,185 - {'message': 'Stock ADAENT subscribed successfully'}
2026-07-24 16:18:19,186 - {'message': 'Stock RELIND subscribed successfully'}
2026-07-24 16:18:19,186 - {'message': 'Stock STABAN subscribed successfully'}
2026-07-24 16:18:19,187 - {'message': 'Stock SUNPHA subscribed successfully'}
2026-07-24 16:18:19,187 - {'message': 'Stock TATGLO subscribed successfully'}
2026-07-24 16:18:19,187 - {'message': 'Stock TATMOT subscribed successfully'}
2026-07-24 16:18:19,188 - {'message': 'Stock TATSTE subscribed successfully'}
2026-07-24 16:18:19,188 - {'message': 'Stock TITIND subscribed successfully'}
2026-07-24 16:18:19,188 - {'message': 'Stock WIPRO subscribed successfully'}
2026-07-24 16:18:19,188 - {'message': 'Stock HDFSTA subscribed successfully'}
2026-07-24 16:18:19,188 - {'message': 'Stock ICIBAN subscribed successfully'}
2026-07-24 16:18:19,189 - {'message': 'Stock INDBA subscribed successfully'}
2026-07-24 16:18:19,189 - {'message': 'Stock BHAPET subscribed successfully'}
2026-07-24 16:18:19,189 - {'message': 'Stock BRIIND subscribed successfully'}
2026-07-24 16:18:19,189 - {'message': 'Stock AXIBAN subscribed successfully'}
2026-07-24 16:18:19,190 - {'message': 'Stock CIPLA subscribed successfully'}
2026-07-24 16:18:19,190 - {'message': 'Stock HCLTEC subscribed successfully'}
2026-07-24 16:18:19,191 - {'message': 'Stock EICMOT subscribed successfully'}
2026-07-24 16:18:19,191 - {'message': 'Stock BAFINS subscribed successfully'}
2026-07-24 16:18:19,191 - {'message': 'Stock NESIND subscribed successfully'}
2026-07-24 16:18:19,192 - {'message': 'Stock KOTMAH subscribed successfully'}
2026-07-24 16:18:19,192 - {'message': 'Stock BAJFI subscribed successfully'}
2026-07-24 16:18:19,192 - {'message': 'Stock DRREDD subscribed successfully'}
2026-07-24 16:18:19,192 - {'message': 'Stock NIFTY subscribed successfully'}
2026-07-24 16:18:19,192 - {'message': 'Stock CNXBAN subscribed successfully'}
2026-07-24 16:18:19,192 - {'message': 'Stock NIFFIN subscribed successfully'}
2026-07-24 16:18:19,192 - {'message': 'Stock NIFMID subscribed successfully'}
2026-07-24 16:18:19,192 - {'message': 'Stock BSESEN subscribed successfully'}
2026-07-24 16:18:19,192 - {'message': 'Stock CNXNXT subscribed successfully'}
2026-07-24 16:32:03,791 - [{'message': 'socket server for rate refresh  has been disconnected.'}, {'message': 'socket server is not connected to OHLCV Stream.'}, {'message': 'socket server is not connected to order refresh.'}]
2026-07-24 16:37:23,722 - {'message': 'Stock BHAAIR subscribed successfully'}
2026-07-24 16:37:23,723 - {'message': 'Stock DIVLAB subscribed successfully'}
2026-07-24 16:37:23,724 - {'message': 'Stock MARUTI subscribed successfully'}
2026-07-24 16:37:23,724 - {'message': 'Stock UNIP subscribed successfully'}
2026-07-24 16:37:23,725 - {'message': 'Stock LARTOU subscribed successfully'}
2026-07-24 16:37:23,725 - {'message': 'Stock ULTCEM subscribed successfully'}
2026-07-24 16:37:23,725 - {'message': 'Stock TCS subscribed successfully'}
2026-07-24 16:37:23,726 - {'message': 'Stock NTPC subscribed successfully'}
2026-07-24 16:37:23,726 - {'message': 'Stock JSWSTE subscribed successfully'}
2026-07-24 16:37:23,726 - {'message': 'Stock GRASIM subscribed successfully'}
2026-07-24 16:37:23,726 - {'message': 'Stock HDFBAN subscribed successfully'}
2026-07-24 16:37:23,727 - {'message': 'Stock HERHON subscribed successfully'}
2026-07-24 16:37:23,727 - {'message': 'Stock TECMAH subscribed successfully'}
2026-07-24 16:37:23,727 - {'message': 'Stock HINLEV subscribed successfully'}
2026-07-24 16:37:23,728 - {'message': 'Stock POWGRI subscribed successfully'}
2026-07-24 16:37:23,728 - {'message': 'Stock ADAPOR subscribed successfully'}
2026-07-24 16:37:23,728 - {'message': 'Stock APOHOS subscribed successfully'}
2026-07-24 16:37:23,728 - {'message': 'Stock INFTEC subscribed successfully'}
2026-07-24 16:37:23,728 - {'message': 'Stock INDOIL subscribed successfully'}
2026-07-24 16:37:23,728 - {'message': 'Stock ITC subscribed successfully'}
2026-07-24 16:37:23,729 - {'message': 'Stock BAAUTO subscribed successfully'}
2026-07-24 16:37:23,729 - {'message': 'Stock LTINFO subscribed successfully'}
2026-07-24 16:37:23,729 - {'message': 'Stock MAHMAH subscribed successfully'}
2026-07-24 16:37:23,729 - {'message': 'Stock COALIN subscribed successfully'}
2026-07-24 16:37:23,729 - {'message': 'Stock SBILIF subscribed successfully'}
2026-07-24 16:37:23,729 - {'message': 'Stock ASIPAI subscribed successfully'}
2026-07-24 16:37:23,729 - {'message': 'Stock ONGC subscribed successfully'}
2026-07-24 16:37:23,729 - {'message': 'Stock ADAENT subscribed successfully'}
2026-07-24 16:37:23,729 - {'message': 'Stock RELIND subscribed successfully'}
2026-07-24 16:37:23,730 - {'message': 'Stock STABAN subscribed successfully'}
2026-07-24 16:37:23,730 - {'message': 'Stock SUNPHA subscribed successfully'}
2026-07-24 16:37:23,731 - {'message': 'Stock TATGLO subscribed successfully'}
2026-07-24 16:37:23,731 - {'message': 'Stock TATMOT subscribed successfully'}
2026-07-24 16:37:23,731 - {'message': 'Stock TATSTE subscribed successfully'}
2026-07-24 16:37:23,731 - {'message': 'Stock TITIND subscribed successfully'}
2026-07-24 16:37:23,732 - {'message': 'Stock WIPRO subscribed successfully'}
2026-07-24 16:37:23,732 - {'message': 'Stock HDFSTA subscribed successfully'}
2026-07-24 16:37:23,732 - {'message': 'Stock ICIBAN subscribed successfully'}
2026-07-24 16:37:23,733 - {'message': 'Stock INDBA subscribed successfully'}
2026-07-24 16:37:23,734 - {'message': 'Stock BHAPET subscribed successfully'}
2026-07-24 16:37:23,734 - {'message': 'Stock BRIIND subscribed successfully'}
2026-07-24 16:37:23,735 - {'message': 'Stock AXIBAN subscribed successfully'}
2026-07-24 16:37:23,735 - {'message': 'Stock CIPLA subscribed successfully'}
2026-07-24 16:37:23,735 - {'message': 'Stock HCLTEC subscribed successfully'}
2026-07-24 16:37:23,736 - {'message': 'Stock EICMOT subscribed successfully'}
2026-07-24 16:37:23,736 - {'message': 'Stock BAFINS subscribed successfully'}
2026-07-24 16:37:23,736 - {'message': 'Stock NESIND subscribed successfully'}
2026-07-24 16:37:23,736 - {'message': 'Stock KOTMAH subscribed successfully'}
2026-07-24 16:37:23,736 - {'message': 'Stock BAJFI subscribed successfully'}
2026-07-24 16:37:23,737 - {'message': 'Stock DRREDD subscribed successfully'}
2026-07-24 16:37:23,737 - {'message': 'Stock NIFTY subscribed successfully'}
2026-07-24 16:37:23,737 - {'message': 'Stock CNXBAN subscribed successfully'}
2026-07-24 16:37:23,737 - {'message': 'Stock NIFFIN subscribed successfully'}
2026-07-24 16:37:23,737 - {'message': 'Stock NIFMID subscribed successfully'}
2026-07-24 16:37:23,738 - {'message': 'Stock BSESEN subscribed successfully'}
2026-07-24 16:37:23,738 - {'message': 'Stock CNXNXT subscribed successfully'}
2026-07-24 16:38:14,388 - [{'message': 'socket server for rate refresh  has been disconnected.'}, {'message': 'socket server is not connected to OHLCV Stream.'}, {'message': 'socket server is not connected to order refresh.'}]
